Component: ARM Compiler 6.14 Tool: armlink [5db06800]

==============================================================================

Section Cross References

    main.o(.text.main) refers to main.o(.text.t_led) for t_led
    main.o(.text.main) refers to thread.o(.text.rt_thread_create) for rt_thread_create
    main.o(.text.main) refers to thread.o(.text.rt_thread_startup) for rt_thread_startup
    main.o(.text.main) refers to adc.o(.bss.hadc1) for hadc1
    main.o(.text.main) refers to main.o(.bss.adc_buffer) for adc_buffer
    main.o(.text.main) refers to stm32f7xx_hal_adc.o(.text.HAL_ADC_Start_DMA) for HAL_ADC_Start_DMA
    main.o(.text.main) refers to adc.o(.bss.hdma_adc1) for hdma_adc1
    main.o(.text.main) refers to controller.o(.text.ctrl_thread_init) for ctrl_thread_init
    main.o(.ARM.exidx.text.main) refers to main.o(.text.main) for [Anonymous Symbol]
    main.o(.text.t_led) refers to stm32f7xx_hal_gpio.o(.text.HAL_GPIO_TogglePin) for HAL_GPIO_TogglePin
    main.o(.text.t_led) refers to thread.o(.text.rt_thread_mdelay) for rt_thread_mdelay
    main.o(.ARM.exidx.text.t_led) refers to main.o(.text.t_led) for [Anonymous Symbol]
    main.o(.ARM.exidx.text.Error_Handler) refers to main.o(.text.Error_Handler) for [Anonymous Symbol]
    gpio.o(.ARM.exidx.text.MX_GPIO_Init) refers to gpio.o(.text.MX_GPIO_Init) for [Anonymous Symbol]
    adc.o(.text.MX_ADC1_Init) refers to adc.o(.bss.hadc1) for hadc1
    adc.o(.text.MX_ADC1_Init) refers to stm32f7xx_hal_adc.o(.text.HAL_ADC_Init) for HAL_ADC_Init
    adc.o(.text.MX_ADC1_Init) refers to main.o(.text.Error_Handler) for Error_Handler
    adc.o(.text.MX_ADC1_Init) refers to stm32f7xx_hal_adc.o(.text.HAL_ADC_ConfigChannel) for HAL_ADC_ConfigChannel
    adc.o(.ARM.exidx.text.MX_ADC1_Init) refers to adc.o(.text.MX_ADC1_Init) for [Anonymous Symbol]
    adc.o(.text.HAL_ADC_MspInit) refers to stm32f7xx_hal_gpio.o(.text.HAL_GPIO_Init) for HAL_GPIO_Init
    adc.o(.text.HAL_ADC_MspInit) refers to adc.o(.bss.hdma_adc1) for hdma_adc1
    adc.o(.text.HAL_ADC_MspInit) refers to stm32f7xx_hal_dma.o(.text.HAL_DMA_Init) for HAL_DMA_Init
    adc.o(.text.HAL_ADC_MspInit) refers to main.o(.text.Error_Handler) for Error_Handler
    adc.o(.ARM.exidx.text.HAL_ADC_MspInit) refers to adc.o(.text.HAL_ADC_MspInit) for [Anonymous Symbol]
    adc.o(.text.HAL_ADC_MspDeInit) refers to stm32f7xx_hal_gpio.o(.text.HAL_GPIO_DeInit) for HAL_GPIO_DeInit
    adc.o(.text.HAL_ADC_MspDeInit) refers to stm32f7xx_hal_dma.o(.text.HAL_DMA_DeInit) for HAL_DMA_DeInit
    adc.o(.ARM.exidx.text.HAL_ADC_MspDeInit) refers to adc.o(.text.HAL_ADC_MspDeInit) for [Anonymous Symbol]
    can.o(.text.MX_CAN1_Init) refers to can.o(.bss.hcan1) for hcan1
    can.o(.text.MX_CAN1_Init) refers to stm32f7xx_hal_can.o(.text.HAL_CAN_Init) for HAL_CAN_Init
    can.o(.text.MX_CAN1_Init) refers to main.o(.text.Error_Handler) for Error_Handler
    can.o(.ARM.exidx.text.MX_CAN1_Init) refers to can.o(.text.MX_CAN1_Init) for [Anonymous Symbol]
    can.o(.text.HAL_CAN_MspInit) refers to stm32f7xx_hal_gpio.o(.text.HAL_GPIO_Init) for HAL_GPIO_Init
    can.o(.ARM.exidx.text.HAL_CAN_MspInit) refers to can.o(.text.HAL_CAN_MspInit) for [Anonymous Symbol]
    can.o(.text.HAL_CAN_MspDeInit) refers to stm32f7xx_hal_gpio.o(.text.HAL_GPIO_DeInit) for HAL_GPIO_DeInit
    can.o(.ARM.exidx.text.HAL_CAN_MspDeInit) refers to can.o(.text.HAL_CAN_MspDeInit) for [Anonymous Symbol]
    dma.o(.text.MX_DMA_Init) refers to stm32f7xx_hal_cortex.o(.text.HAL_NVIC_SetPriority) for HAL_NVIC_SetPriority
    dma.o(.text.MX_DMA_Init) refers to stm32f7xx_hal_cortex.o(.text.HAL_NVIC_EnableIRQ) for HAL_NVIC_EnableIRQ
    dma.o(.ARM.exidx.text.MX_DMA_Init) refers to dma.o(.text.MX_DMA_Init) for [Anonymous Symbol]
    tim.o(.text.MX_TIM2_Init) refers to tim.o(.bss.htim2) for htim2
    tim.o(.text.MX_TIM2_Init) refers to stm32f7xx_hal_tim.o(.text.HAL_TIM_Base_Init) for HAL_TIM_Base_Init
    tim.o(.text.MX_TIM2_Init) refers to main.o(.text.Error_Handler) for Error_Handler
    tim.o(.text.MX_TIM2_Init) refers to stm32f7xx_hal_tim.o(.text.HAL_TIM_ConfigClockSource) for HAL_TIM_ConfigClockSource
    tim.o(.text.MX_TIM2_Init) refers to stm32f7xx_hal_tim.o(.text.HAL_TIM_PWM_Init) for HAL_TIM_PWM_Init
    tim.o(.text.MX_TIM2_Init) refers to stm32f7xx_hal_tim_ex.o(.text.HAL_TIMEx_MasterConfigSynchronization) for HAL_TIMEx_MasterConfigSynchronization
    tim.o(.text.MX_TIM2_Init) refers to stm32f7xx_hal_tim.o(.text.HAL_TIM_PWM_ConfigChannel) for HAL_TIM_PWM_ConfigChannel
    tim.o(.text.MX_TIM2_Init) refers to stm32f7xx_hal_gpio.o(.text.HAL_GPIO_Init) for HAL_GPIO_Init
    tim.o(.ARM.exidx.text.MX_TIM2_Init) refers to tim.o(.text.MX_TIM2_Init) for [Anonymous Symbol]
    tim.o(.text.HAL_TIM_MspPostInit) refers to stm32f7xx_hal_gpio.o(.text.HAL_GPIO_Init) for HAL_GPIO_Init
    tim.o(.ARM.exidx.text.HAL_TIM_MspPostInit) refers to tim.o(.text.HAL_TIM_MspPostInit) for [Anonymous Symbol]
[...]
    rt_thread_stack                          0x20001d4c   Data         256  idle.o(.bss.rt_thread_stack)
    [Anonymous Symbol]                       0x20001d4c   Section        0  idle.o(.bss.rt_thread_stack)
    rt_thread_suspend_hook                   0x20001e4c   Data           4  thread.o(.bss.rt_thread_suspend_hook)
    [Anonymous Symbol]                       0x20001e4c   Section        0  thread.o(.bss.rt_thread_suspend_hook)
    rt_tick                                  0x20001e54   Data           4  clock.o(.bss.rt_tick)
    [Anonymous Symbol]                       0x20001e54   Section        0  clock.o(.bss.rt_tick)
    STACK                                    0x20001f28   Section     1024  startup_stm32f767xx.o(STACK)

    Global Symbols

    Symbol Name                              Value     Ov Type        Size  Object(Section)

    BuildAttributes$$THM_ISAv4$E$P$D$K$B$S$7EM$VFPv5_D16$PE$PLD8$A:L22UL41UL21$X:L11$S22US41US21$IEEE1$IW$~IW$USESV6$~STKCKD$USESV7$~SHL$OTIME$EBA8$MICROLIB$REQ8$PRES8$EABIv2 0x00000000   Number         0  anon$$obj.o ABSOLUTE
    __cpp_initialize__aeabi_                  - Undefined Weak Reference
    __cxa_finalize                            - Undefined Weak Reference
    __decompress                              - Undefined Weak Reference
    _clock_init                               - Undefined Weak Reference
    _microlib_exit                            - Undefined Weak Reference
    __Vectors_Size                           0x000001f8   Number         0  startup_stm32f767xx.o ABSOLUTE
    __Vectors                                0x08000000   Data           4  startup_stm32f767xx.o(RESET)
    __Vectors_End                            0x080001f8   Data           0  startup_stm32f767xx.o(RESET)
    __main                                   0x080001f9   Thumb Code     0  entry.o(.ARM.Collect$$$$00000000)
    _main_stk                                0x080001f9   Thumb Code     0  entry2.o(.ARM.Collect$$$$00000001)
    _main_scatterload                        0x080001fd   Thumb Code     0  entry5.o(.ARM.Collect$$$$00000004)
    __main_after_scatterload                 0x08000201   Thumb Code     0  entry5.o(.ARM.Collect$$$$00000004)
    _main_clock                              0x08000201   Thumb Code     0  entry7b.o(.ARM.Collect$$$$00000008)
    _main_cpp_init                           0x08000201   Thumb Code     0  entry8b.o(.ARM.Collect$$$$0000000A)
    _main_init                               0x08000201   Thumb Code     0  entry9a.o(.ARM.Collect$$$$0000000B)
    __rt_final_cpp                           0x08000209   Thumb Code     0  entry10a.o(.ARM.Collect$$$$0000000D)
    __rt_final_exit                          0x08000209   Thumb Code     0  entry11a.o(.ARM.Collect$$$$0000000F)
    rt_hw_interrupt_disable                  0x0800020d   Thumb Code     8  context_rvds.o(.text)
    rt_hw_interrupt_enable                   0x08000215   Thumb Code     6  context_rvds.o(.text)
    rt_hw_context_switch                     0x0800021b   Thumb Code    32  context_rvds.o(.text)
    rt_hw_context_switch_interrupt           0x0800021b   Thumb Code     0  context_rvds.o(.text)
    PendSV_Handler                           0x0800023b   Thumb Code   108  context_rvds.o(.text)
    rt_hw_context_switch_to                  0x080002a7   Thumb Code    70  context_rvds.o(.text)
    rt_hw_interrupt_thread_switch            0x080002ed   Thumb Code     2  context_rvds.o(.text)
    HardFault_Handler                        0x080002ef   Thumb Code    56  context_rvds.o(.text)
    MemManage_Handler                        0x080002ef   Thumb Code     0  context_rvds.o(.text)
    Reset_Handler                            0x08000341   Thumb Code     8  startup_stm32f767xx.o(.text)
    ADC_IRQHandler                           0x0800035b   Thumb Code     0  startup_stm32f767xx.o(.text)
    CAN1_RX0_IRQHandler                      0x0800035b   Thumb Code     0  startup_stm32f767xx.o(.text)
    CAN1_RX1_IRQHandler                      0x0800035b   Thumb Code     0  startup_stm32f767xx.o(.text)
    CAN1_SCE_IRQHandler                      0x0800035b   Thumb Code     0  startup_stm32f767xx.o(.text)
    CAN1_TX_IRQHandler                       0x0800035b   Thumb Code     0  startup_stm32f767xx.o(.text)
    CAN2_RX0_IRQHandler                      0x0800035b   Thumb Code     0  startup_stm32f767xx.o(.text)
    CAN2_RX1_IRQHandler                      0x0800035b   Thumb Code     0  startup_stm32f767xx.o(.text)
    CAN2_SCE_IRQHandler                      0x0800035b   Thumb Code     0  startup_stm32f767xx.o(.text)
    CAN2_TX_IRQHandler                       0x0800035b   Thumb Code     0  startup_stm32f767xx.o(.text)
    CAN3_RX0_IRQHandler                      0x0800035b   Thumb Code     0  startup_stm32f767xx.o(.text)
    CAN3_RX1_IRQHandler                      0x0800035b   Thumb Code     0  startup_stm32f767xx.o(.text)
    CAN3_SCE_IRQHandler                      0x0800035b   Thumb Code     0  startup_stm32f767xx.o(.text)
    CAN3_TX_IRQHandler                       0x0800035b   Thumb Code     0  startup_stm32f767xx.o(.text)
    CEC_IRQHandler                           0x0800035b   Thumb Code     0  startup_stm32f767xx.o(.text)
    DCMI_IRQHandler                          0x0800035b   Thumb Code     0  startup_stm32f767xx.o(.text)
    DFSDM1_FLT0_IRQHandler                   0x0800035b   Thumb Code     0  startup_stm32f767xx.o(.text)
    DFSDM1_FLT1_IRQHandler                   0x0800035b   Thumb Code     0  startup_stm32f767xx.o(.text)
    DFSDM1_FLT2_IRQHandler                   0x0800035b   Thumb Code     0  startup_stm32f767xx.o(.text)
    DFSDM1_FLT3_IRQHandler                   0x0800035b   Thumb Code     0  startup_stm32f767xx.o(.text)
    DMA1_Stream0_IRQHandler                  0x0800035b   Thumb Code     0  startup_stm32f767xx.o(.text)
    DMA1_Stream1_IRQHandler                  0x0800035b   Thumb Code     0  startup_stm32f767xx.o(.text)
    DMA1_Stream2_IRQHandler                  0x0800035b   Thumb Code     0  startup_stm32f767xx.o(.text)
    DMA1_Stream3_IRQHandler                  0x0800035b   Thumb Code     0  startup_stm32f767xx.o(.text)
    DMA1_Stream4_IRQHandler                  0x0800035b   Thumb Code     0  startup_stm32f767xx.o(.text)
    DMA1_Stream5_IRQHandler                  0x0800035b   Thumb Code     0  startup_stm32f767xx.o(.text)
    DMA1_Stream6_IRQHandler                  0x0800035b   Thumb Code     0  startup_stm32f767xx.o(.text)
    DMA1_Stream7_IRQHandler                  0x0800035b   Thumb Code     0  startup_stm32f767xx.o(.text)
    DMA2D_IRQHandler                         0x0800035b   Thumb Code     0  startup_stm32f767xx.o(.text)
    DMA2_Stream1_IRQHandler                  0x0800035b   Thumb Code     0  startup_stm32f767xx.o(.text)
    DMA2_Stream2_IRQHandler                  0x0800035b   Thumb Code     0  startup_stm32f767xx.o(.text)
    DMA2_Stream3_IRQHandler                  0x0800035b   Thumb Code     0  startup_stm32f767xx.o(.text)
    DMA2_Stream4_IRQHandler                  0x0800035b   Thumb Code     0  startup_stm32f767xx.o(.text)
    DMA2_Stream5_IRQHandler                  0x0800035b   Thumb Code     0  startup_stm32f767xx.o(.text)
    DMA2_Stream6_IRQHandler                  0x0800035b   Thumb Code     0  startup_stm32f767xx.o(.text)
    DMA2_Stream7_IRQHandler                  0x0800035b   Thumb Code     0  startup_stm32f767xx.o(.text)
    ETH_IRQHandler                           0x0800035b   Thumb Code     0  startup_stm32f767xx.o(.text)
    ETH_WKUP_IRQHandler                      0x0800035b   Thumb Code     0  startup_stm32f767xx.o(.text)
    EXTI0_IRQHandler                         0x0800035b   Thumb Code     0  startup_stm32f767xx.o(.text)
    EXTI15_10_IRQHandler                     0x0800035b   Thumb Code     0  startup_stm32f767xx.o(.text)
    EXTI1_IRQHandler                         0x0800035b   Thumb Code     0  startup_stm32f767xx.o(.text)
    EXTI2_IRQHandler                         0x0800035b   Thumb Code     0  startup_stm32f767xx.o(.text)
    EXTI3_IRQHandler                         0x0800035b   Thumb Code     0  startup_stm32f767xx.o(.text)
    EXTI4_IRQHandler                         0x0800035b   Thumb Code     0  startup_stm32f767xx.o(.text)
    EXTI9_5_IRQHandler                       0x0800035b   Thumb Code     0  startup_stm32f767xx.o(.text)
    FLASH_IRQHandler                         0x0800035b   Thumb Code     0  startup_stm32f767xx.o(.text)
    FMC_IRQHandler                           0x0800035b   Thumb Code     0  startup_stm32f767xx.o(.text)
    FPU_IRQHandler                           0x0800035b   Thumb Code     0  startup_stm32f767xx.o(.text)
    I2C1_ER_IRQHandler                       0x0800035b   Thumb Code     0  startup_stm32f767xx.o(.text)
    I2C1_EV_IRQHandler                       0x0800035b   Thumb Code     0  startup_stm32f767xx.o(.text)
    I2C2_ER_IRQHandler                       0x0800035b   Thumb Code     0  startup_stm32f767xx.o(.text)
    I2C2_EV_IRQHandler                       0x0800035b   Thumb Code     0  startup_stm32f767xx.o(.text)
    I2C3_ER_IRQHandler                       0x0800035b   Thumb Code     0  startup_stm32f767xx.o(.text)
    I2C3_EV_IRQHandler                       0x0800035b   Thumb Code     0  startup_stm32f767xx.o(.text)
    I2C4_ER_IRQHandler                       0x0800035b   Thumb Code     0  startup_stm32f767xx.o(.text)
    I2C4_EV_IRQHandler                       0x0800035b   Thumb Code     0  startup_stm32f767xx.o(.text)
    JPEG_IRQHandler                          0x0800035b   Thumb Code     0  startup_stm32f767xx.o(.text)
    LPTIM1_IRQHandler                        0x0800035b   Thumb Code     0  startup_stm32f767xx.o(.text)
    LTDC_ER_IRQHandler                       0x0800035b   Thumb Code     0  startup_stm32f767xx.o(.text)
    LTDC_IRQHandler                          0x0800035b   Thumb Code     0  startup_stm32f767xx.o(.text)
    MDIOS_IRQHandler                         0x0800035b   Thumb Code     0  startup_stm32f767xx.o(.text)
    OTG_FS_IRQHandler                        0x0800035b   Thumb Code     0  startup_stm32f767xx.o(.text)
    OTG_FS_WKUP_IRQHandler                   0x0800035b   Thumb Code     0  startup_stm32f767xx.o(.text)
    OTG_HS_EP1_IN_IRQHandler                 0x0800035b   Thumb Code     0  startup_stm32f767xx.o(.text)
    OTG_HS_EP1_OUT_IRQHandler                0x0800035b   Thumb Code     0  startup_stm32f767xx.o(.text)
    OTG_HS_IRQHandler                        0x0800035b   Thumb Code     0  startup_stm32f767xx.o(.text)
    OTG_HS_WKUP_IRQHandler                   0x0800035b   Thumb Code     0  startup_stm32f767xx.o(.text)
    PVD_IRQHandler                           0x0800035b   Thumb Code     0  startup_stm32f767xx.o(.text)
    QUADSPI_IRQHandler                       0x0800035b   Thumb Code     0  startup_stm32f767xx.o(.text)
    RCC_IRQHandler                           0x0800035b   Thumb Code     0  startup_stm32f767xx.o(.text)
    RNG_IRQHandler                           0x0800035b   Thumb Code     0  startup_stm32f767xx.o(.text)
    RTC_Alarm_IRQHandler                     0x0800035b   Thumb Code     0  startup_stm32f767xx.o(.text)
    RTC_WKUP_IRQHandler                      0x0800035b   Thumb Code     0  startup_stm32f767xx.o(.text)
    SAI1_IRQHandler                          0x0800035b   Thumb Code     0  startup_stm32f767xx.o(.text)
    SAI2_IRQHandler                          0x0800035b   Thumb Code     0  startup_stm32f767xx.o(.text)
    SDMMC1_IRQHandler                        0x0800035b   Thumb Code     0  startup_stm32f767xx.o(.text)
    SDMMC2_IRQHandler                        0x0800035b   Thumb Code     0  startup_stm32f767xx.o(.text)
    SPDIF_RX_IRQHandler                      0x0800035b   Thumb Code     0  startup_stm32f767xx.o(.text)
    SPI1_IRQHandler                          0x0800035b   Thumb Code     0  startup_stm32f767xx.o(.text)
    SPI2_IRQHandler                          0x0800035b   Thumb Code     0  startup_stm32f767xx.o(.text)
    SPI3_IRQHandler                          0x0800035b   Thumb Code     0  startup_stm32f767xx.o(.text)
    SPI4_IRQHandler                          0x0800035b   Thumb Code     0  startup_stm32f767xx.o(.text)
    SPI5_IRQHandler                          0x0800035b   Thumb Code     0  startup_stm32f767xx.o(.text)
    SPI6_IRQHandler                          0x0800035b   Thumb Code     0  startup_stm32f767xx.o(.text)
    TAMP_STAMP_IRQHandler                    0x0800035b   Thumb Code     0  startup_stm32f767xx.o(.text)
    TIM1_BRK_TIM9_IRQHandler                 0x0800035b   Thumb Code     0  startup_stm32f767xx.o(.text)
    TIM1_CC_IRQHandler                       0x0800035b   Thumb Code     0  startup_stm32f767xx.o(.text)
    TIM1_TRG_COM_TIM11_IRQHandler            0x0800035b   Thumb Code     0  startup_stm32f767xx.o(.text)
    TIM1_UP_TIM10_IRQHandler                 0x0800035b   Thumb Code     0  startup_stm32f767xx.o(.text)
    TIM3_IRQHandler                          0x0800035b   Thumb Code     0  startup_stm32f767xx.o(.text)
    TIM4_IRQHandler                          0x0800035b   Thumb Code     0  startup_stm32f767xx.o(.text)
    TIM5_IRQHandler                          0x0800035b   Thumb Code     0  startup_stm32f767xx.o(.text)
    TIM6_DAC_IRQHandler                      0x0800035b   Thumb Code     0  startup_stm32f767xx.o(.text)
    TIM7_IRQHandler                          0x0800035b   Thumb Code     0  startup_stm32f767xx.o(.text)
    TIM8_BRK_TIM12_IRQHandler                0x0800035b   Thumb Code     0  startup_stm32f767xx.o(.text)
    TIM8_CC_IRQHandler                       0x0800035b   Thumb Code     0  startup_stm32f767xx.o(.text)
    TIM8_TRG_COM_TIM14_IRQHandler            0x0800035b   Thumb Code     0  startup_stm32f767xx.o(.text)
    TIM8_UP_TIM13_IRQHandler                 0x0800035b   Thumb Code     0  startup_stm32f767xx.o(.text)
    UART4_IRQHandler                         0x0800035b   Thumb Code     0  startup_stm32f767xx.o(.text)
    UART5_IRQHandler                         0x0800035b   Thumb Code     0  startup_stm32f767xx.o(.text)
    UART7_IRQHandler                         0x0800035b   Thumb Code     0  startup_stm32f767xx.o(.text)
    UART8_IRQHandler                         0x0800035b   Thumb Code     0  startup_stm32f767xx.o(.text)
    USART3_IRQHandler                        0x0800035b   Thumb Code     0  startup_stm32f767xx.o(.text)
    USART6_IRQHandler                        0x0800035b   Thumb Code     0  startup_stm32f767xx.o(.text)
    WWDG_IRQHandler                          0x0800035b   Thumb Code     0  startup_stm32f767xx.o(.text)
    __aeabi_uldivmod                         0x08000365   Thumb Code    98  uldiv.o(.text)
    __aeabi_memcpy                           0x080003c7   Thumb Code    36  memcpya.o(.text)
    __aeabi_memcpy4                          0x080003c7   Thumb Code     0  memcpya.o(.text)
    __aeabi_memcpy8                          0x080003c7   Thumb Code     0  memcpya.o(.text)
    __aeabi_memset                           0x080003eb   Thumb Code    14  memseta.o(.text)
    __aeabi_memset4                          0x080003eb   Thumb Code     0  memseta.o(.text)
    __aeabi_memset8                          0x080003eb   Thumb Code     0  memseta.o(.text)
    __aeabi_memclr                           0x080003f9   Thumb Code     4  memseta.o(.text)
    __aeabi_memclr4                          0x080003f9   Thumb Code     0  memseta.o(.text)
    __aeabi_memclr8                          0x080003f9   Thumb Code     0  memseta.o(.text)
    _memset$wrapper                          0x080003fd   Thumb Code    18  memseta.o(.text)
    strncpy                                  0x0800040f   Thumb Code    24  strncpy.o(.text)
    strlen                                   0x08000427   Thumb Code    14  strlen.o(.text)
    strncmp                                  0x08000435   Thumb Code    30  strncmp.o(.text)
    atoi                                     0x08000453   Thumb Code    26  atoi.o(.text)
    __aeabi_llsl                             0x0800046d   Thumb Code    30  llshl.o(.text)
    _ll_shift_l                              0x0800046d   Thumb Code     0  llshl.o(.text)
    __aeabi_llsr                             0x0800048b   Thumb Code    32  llushr.o(.text)
    _ll_ushift_r                             0x0800048b   Thumb Code     0  llushr.o(.text)
    strtol                                   0x080004ab   Thumb Code   112  strtol.o(.text)
    __scatterload                            0x0800051d   Thumb Code    28  init.o(.text)
    __scatterload_rt2                        0x0800051d   Thumb Code     0  init.o(.text)
    __rt_ctype_table                         0x08000541   Thumb Code     4  ctype_o.o(.text)
    _strtoul                                 0x08000549   Thumb Code   158  _strtoul.o(.text)
    _chval                                   0x080005e7   Thumb Code    28  _chval.o(.text)
    main                                     0x08000609   Thumb Code    84  components.o(.text.$Sub$$main)
    BusFault_Handler                         0x080006e9   Thumb Code     2  stm32f7xx_it.o(.text.BusFault_Handler)
    DMA2_Stream0_IRQHandler                  0x080006f1   Thumb Code   524  stm32f7xx_it.o(.text.DMA2_Stream0_IRQHandler)
    DebugMon_Handler                         0x08000901   Thumb Code     2  stm32f7xx_it.o(.text.DebugMon_Handler)
    Error_Handler                            0x08000909   Thumb Code     2  main.o(.text.Error_Handler)
    GPIO_CLK_ENA                             0x08000911   Thumb Code   176  io_def.o(.text.GPIO_CLK_ENA)
    HAL_ADC_ConfigChannel                    0x080009c1   Thumb Code   370  stm32f7xx_hal_adc.o(.text.HAL_ADC_ConfigChannel)
    HAL_ADC_ConvCpltCallback                 0x08000b39   Thumb Code     2  stm32f7xx_hal_adc.o(.text.HAL_ADC_ConvCpltCallback)
    HAL_ADC_ConvHalfCpltCallback             0x08000b41   Thumb Code     2  stm32f7xx_hal_adc.o(.text.HAL_ADC_ConvHalfCpltCallback)
    HAL_ADC_ErrorCallback                    0x08000b49   Thumb Code     2  stm32f7xx_hal_adc.o(.text.HAL_ADC_ErrorCallback)
    HAL_ADC_Init                             0x08000b51   Thumb Code   346  stm32f7xx_hal_adc.o(.text.HAL_ADC_Init)
    HAL_ADC_MspInit                          0x08000cb1   Thumb Code   252  adc.o(.text.HAL_ADC_MspInit)
    HAL_ADC_Start                            0x08000db1   Thumb Code   308  stm32f7xx_hal_adc.o(.text.HAL_ADC_Start)
    HAL_ADC_Start_DMA                        0x08000ee9   Thumb Code   388  stm32f7xx_hal_adc.o(.text.HAL_ADC_Start_DMA)
    HAL_DMA_Abort_IT                         0x08001071   Thumb Code    36  stm32f7xx_hal_dma.o(.text.HAL_DMA_Abort_IT)
    HAL_DMA_Init                             0x08001099   Thumb Code   344  stm32f7xx_hal_dma.o(.text.HAL_DMA_Init)
    HAL_DMA_Start_IT                         0x080011f1   Thumb Code   168  stm32f7xx_hal_dma.o(.text.HAL_DMA_Start_IT)
    HAL_GPIO_Init                            0x08001299   Thumb Code   444  stm32f7xx_hal_gpio.o(.text.HAL_GPIO_Init)
    HAL_GPIO_TogglePin                       0x08001459   Thumb Code    12  stm32f7xx_hal_gpio.o(.text.HAL_GPIO_TogglePin)
    HAL_GPIO_WritePin                        0x08001469   Thumb Code    10  stm32f7xx_hal_gpio.o(.text.HAL_GPIO_WritePin)
    HAL_GetTick                              0x08001479   Thumb Code    12  stm32f7xx_hal.o(.text.HAL_GetTick)
    HAL_Init                                 0x08001489   Thumb Code    46  stm32f7xx_hal.o(.text.HAL_Init)
    HAL_InitTick                             0x080014b9   Thumb Code    72  stm32f7xx_hal.o(.text.HAL_InitTick)
    HAL_MspInit                              0x08001501   Thumb Code    54  stm32f7xx_hal_msp.o(.text.HAL_MspInit)
    HAL_NVIC_EnableIRQ                       0x08001539   Thumb Code    32  stm32f7xx_hal_cortex.o(.text.HAL_NVIC_EnableIRQ)
    HAL_NVIC_SetPriority                     0x08001559   Thumb Code    94  stm32f7xx_hal_cortex.o(.text.HAL_NVIC_SetPriority)
    HAL_NVIC_SetPriorityGrouping             0x080015b9   Thumb Code    32  stm32f7xx_hal_cortex.o(.text.HAL_NVIC_SetPriorityGrouping)
    HAL_PWREx_EnableOverDrive                0x080015d9   Thumb Code   118  stm32f7xx_hal_pwr_ex.o(.text.HAL_PWREx_EnableOverDrive)
    HAL_RCCEx_PeriphCLKConfig                0x08001651   Thumb Code  1474  stm32f7xx_hal_rcc_ex.o(.text.HAL_RCCEx_PeriphCLKConfig)
    HAL_RCC_ClockConfig                      0x08001c19   Thumb Code   482  stm32f7xx_hal_rcc.o(.text.HAL_RCC_ClockConfig)
    HAL_RCC_GetPCLK1Freq                     0x08001e01   Thumb Code    38  stm32f7xx_hal_rcc.o(.text.HAL_RCC_GetPCLK1Freq)
    HAL_RCC_GetPCLK2Freq                     0x08001e29   Thumb Code    38  stm32f7xx_hal_rcc.o(.text.HAL_RCC_GetPCLK2Freq)
    HAL_RCC_GetSysClockFreq                  0x08001e51   Thumb Code   106  stm32f7xx_hal_rcc.o(.text.HAL_RCC_GetSysClockFreq)
    HAL_RCC_OscConfig                        0x08001ec1   Thumb Code   900  stm32f7xx_hal_rcc.o(.text.HAL_RCC_OscConfig)
    HAL_SYSTICK_Config                       0x08002249   Thumb Code    44  stm32f7xx_hal_cortex.o(.text.HAL_SYSTICK_Config)
    HAL_TIMEx_Break2Callback                 0x08002279   Thumb Code     2  stm32f7xx_hal_tim_ex.o(.text.HAL_TIMEx_Break2Callback)
    HAL_TIMEx_BreakCallback                  0x08002281   Thumb Code     2  stm32f7xx_hal_tim_ex.o(.text.HAL_TIMEx_BreakCallback)
    HAL_TIMEx_CommutCallback                 0x08002289   Thumb Code     2  stm32f7xx_hal_tim_ex.o(.text.HAL_TIMEx_CommutCallback)
    HAL_TIM_IC_CaptureCallback               0x08002291   Thumb Code     2  stm32f7xx_hal_tim.o(.text.HAL_TIM_IC_CaptureCallback)
    HAL_TIM_IRQHandler                       0x08002299   Thumb Code   392  stm32f7xx_hal_tim.o(.text.HAL_TIM_IRQHandler)
    HAL_TIM_OC_DelayElapsedCallback          0x08002421   Thumb Code     2  stm32f7xx_hal_tim.o(.text.HAL_TIM_OC_DelayElapsedCallback)
    HAL_TIM_PWM_PulseFinishedCallback        0x08002429   Thumb Code     2  stm32f7xx_hal_tim.o(.text.HAL_TIM_PWM_PulseFinishedCallback)
    HAL_TIM_PeriodElapsedCallback            0x08002431   Thumb Code     2  stm32f7xx_hal_tim.o(.text.HAL_TIM_PeriodElapsedCallback)
    HAL_TIM_TriggerCallback                  0x08002439   Thumb Code     2  stm32f7xx_hal_tim.o(.text.HAL_TIM_TriggerCallback)
    HAL_UARTEx_WakeupCallback                0x08002441   Thumb Code     2  stm32f7xx_hal_uart.o(.text.HAL_UARTEx_WakeupCallback)
    HAL_UART_ErrorCallback                   0x08002449   Thumb Code     2  stm32f7xx_hal_uart.o(.text.HAL_UART_ErrorCallback)
    HAL_UART_IRQHandler                      0x08002451   Thumb Code   402  stm32f7xx_hal_uart.o(.text.HAL_UART_IRQHandler)
    HAL_UART_Init                            0x080025e9   Thumb Code    96  stm32f7xx_hal_uart.o(.text.HAL_UART_Init)
    HAL_UART_MspInit                         0x08002649   Thumb Code   132  usart.o(.text.HAL_UART_MspInit)
    HAL_UART_Receive_IT                      0x080026d1   Thumb Code   170  stm32f7xx_hal_uart.o(.text.HAL_UART_Receive_IT)
    HAL_UART_RxCpltCallback                  0x08002781   Thumb Code     2  stm32f7xx_hal_uart.o(.text.HAL_UART_RxCpltCallback)
    HAL_UART_TxCpltCallback                  0x08002789   Thumb Code     2  stm32f7xx_hal_uart.o(.text.HAL_UART_TxCpltCallback)
    MX_ADC1_Init                             0x08002791   Thumb Code   400  adc.o(.text.MX_ADC1_Init)
    MX_DMA_Init                              0x08002921   Thumb Code    52  dma.o(.text.MX_DMA_Init)
    MX_GPIO_Init                             0x08002959   Thumb Code   122  gpio.o(.text.MX_GPIO_Init)
    MX_USART1_UART_Init                      0x080029d9   Thumb Code    98  usart.o(.text.MX_USART1_UART_Init)
    Muscles                                  0x08002a41   Thumb Code   344  controller.o(.text.Muscles)
    NMI_Handler                              0x08002b99   Thumb Code     2  stm32f7xx_it.o(.text.NMI_Handler)
    SVC_Handler                              0x08002ba1   Thumb Code     2  stm32f7xx_it.o(.text.SVC_Handler)
    SysTick_Handler                          0x08002ba9   Thumb Code    18  board.o(.text.SysTick_Handler)
    SystemClock_Config                       0x08002bc1   Thumb Code   206  sys.o(.text.SystemClock_Config)
    SystemCoreClockUpdate                    0x08002c91   Thumb Code   126  system_stm32f7xx.o(.text.SystemCoreClockUpdate)
    SystemInit                               0x08002d11   Thumb Code    26  system_stm32f7xx.o(.text.SystemInit)
    TIM2_IRQHandler                          0x08002d31   Thumb Code    12  stm32f7xx_it.o(.text.TIM2_IRQHandler)
    UART_AdvFeatureConfig                    0x08002d41   Thumb Code   224  stm32f7xx_hal_uart.o(.text.UART_AdvFeatureConfig)
    UART_CheckIdleState                      0x08002e21   Thumb Code   248  stm32f7xx_hal_uart.o(.text.UART_CheckIdleState)
    UART_SetConfig                           0x08002fd9   Thumb Code   540  stm32f7xx_hal_uart.o(.text.UART_SetConfig)
    USART1_IRQHandler                        0x080031f9   Thumb Code   196  myconsole.o(.text.USART1_IRQHandler)
    USART2_IRQHandler                        0x080032c1   Thumb Code    12  stm32f7xx_it.o(.text.USART2_IRQHandler)
    UsageFault_Handler                       0x080032d1   Thumb Code     2  stm32f7xx_it.o(.text.UsageFault_Handler)
    __rt_ffs                                 0x08003301   Thumb Code    56  kservice.o(.text.__rt_ffs)
    board_led_init                           0x08003339   Thumb Code    54  lc_tech_f767.o(.text.board_led_init)
    cmd_free                                 0x08003371   Thumb Code    10  msh.o(.text.cmd_free)
    cmd_ps                                   0x08003381   Thumb Code    10  msh.o(.text.cmd_ps)
    ctrl_thread_init                         0x08003391   Thumb Code   124  controller.o(.text.ctrl_thread_init)
    finsh_system_init                        0x08003411   Thumb Code   176  shell.o(.text.finsh_system_init)
    finsh_thread_entry                       0x080034c1   Thumb Code  1004  shell.o(.text.finsh_thread_entry)
    hello                                    0x080038b1   Thumb Code    32  cmd.o(.text.hello)
    io_control                               0x080038d1   Thumb Code    16  io_def.o(.text.io_control)
    io_group_init                            0x080038e1   Thumb Code    60  io_def.o(.text.io_group_init)
    list                                     0x08003921   Thumb Code   120  cmd.o(.text.list)
    list_mailbox                             0x08003999   Thumb Code   616  cmd.o(.text.list_mailbox)
    list_mem                                 0x08003c01   Thumb Code   112  mem.o(.text.list_mem)
    list_sem                                 0x08003c71   Thumb Code   584  cmd.o(.text.list_sem)
    list_thread                              0x08003eb9   Thumb Code   636  cmd.o(.text.list_thread)
    list_timer                               0x08004139   Thumb Code   492  cmd.o(.text.list_timer)
    $Super$$main                             0x08004329   Thumb Code   128  main.o(.text.main)
    main_thread_entry                        0x080043a9   Thumb Code    50  components.o(.text.main_thread_entry)
    msh_auto_complete                        0x080043e1   Thumb Code   364  msh.o(.text.msh_auto_complete)
    msh_exec                                 0x08004551   Thumb Code   568  msh.o(.text.msh_exec)
    msh_help                                 0x08004789   Thumb Code   120  msh.o(.text.msh_help)
    msh_is_used                              0x08004801   Thumb Code     4  msh.o(.text.msh_is_used)
    muscles_resume                           0x08004809   Thumb Code    76  controller.o(.text.muscles_resume)
    muscles_start                            0x08004859   Thumb Code   128  controller.o(.text.muscles_start)
    muscles_suspend                          0x080048d9   Thumb Code    76  controller.o(.text.muscles_suspend)
    my_console_init                          0x08004929   Thumb Code    68  myconsole.o(.text.my_console_init)
    rt_calloc                                0x080054a1   Thumb Code    30  mem.o(.text.rt_calloc)
    rt_components_board_init                 0x080054c1   Thumb Code    44  components.o(.text.rt_components_board_init)
    rt_enter_critical                        0x080054f1   Thumb Code    28  scheduler.o(.text.rt_enter_critical)
    rt_exit_critical                         0x08005511   Thumb Code    58  scheduler.o(.text.rt_exit_critical)
    rt_free                                  0x08005551   Thumb Code   300  mem.o(.text.rt_free)
    rt_heap_begin_get                        0x08005681   Thumb Code    10  board.o(.text.rt_heap_begin_get)
    rt_heap_end_get                          0x08005691   Thumb Code    14  board.o(.text.rt_heap_end_get)
    rt_hw_board_init                         0x080056a1   Thumb Code    98  board.o(.text.rt_hw_board_init)
    rt_hw_console_getchar                    0x08005709   Thumb Code   122  myconsole.o(.text.rt_hw_console_getchar)
    rt_hw_console_output                     0x08005789   Thumb Code   122  myconsole.o(.text.rt_hw_console_output)
    rt_hw_hard_fault_exception               0x08005809   Thumb Code  1084  cpuport.o(.text.rt_hw_hard_fault_exception)
    rt_hw_stack_init                         0x08005c49   Thumb Code    64  cpuport.o(.text.rt_hw_stack_init)
    rt_interrupt_enter                       0x08005c89   Thumb Code    38  irq.o(.text.rt_interrupt_enter)
    rt_interrupt_leave                       0x08005cb1   Thumb Code    38  irq.o(.text.rt_interrupt_leave)
    rt_kprintf                               0x08005cd9   Thumb Code    52  kservice.o(.text.rt_kprintf)
    rt_malloc                                0x08005d11   Thumb Code   350  mem.o(.text.rt_malloc)
    rt_memmove                               0x08005e71   Thumb Code   226  kservice.o(.text.rt_memmove)
    rt_memset                                0x08005f59   Thumb Code   290  kservice.o(.text.rt_memset)
    rt_object_allocate                       0x08006081   Thumb Code   144  object.o(.text.rt_object_allocate)
    rt_object_delete                         0x08006111   Thumb Code    60  object.o(.text.rt_object_delete)
    rt_object_detach                         0x08006151   Thumb Code    52  object.o(.text.rt_object_detach)
    rt_object_get_information                0x08006189   Thumb Code    54  object.o(.text.rt_object_get_information)
    rt_object_init                           0x080061c1   Thumb Code   154  object.o(.text.rt_object_init)
    rt_object_is_systemobject                0x08006261   Thumb Code     6  object.o(.text.rt_object_is_systemobject)
    rt_schedule                              0x08006269   Thumb Code   124  scheduler.o(.text.rt_schedule)
    rt_schedule_insert_thread                0x080062e9   Thumb Code    74  scheduler.o(.text.rt_schedule_insert_thread)
    rt_schedule_remove_thread                0x08006339   Thumb Code    80  scheduler.o(.text.rt_schedule_remove_thread)
    rt_sem_init                              0x08006389   Thumb Code    32  ipc.o(.text.rt_sem_init)
    rt_sem_release                           0x080063a9   Thumb Code    74  ipc.o(.text.rt_sem_release)
    rt_sem_take                              0x080063f9   Thumb Code   286  ipc.o(.text.rt_sem_take)
    rt_show_version                          0x08006519   Thumb Code    96  controller.o(.text.rt_show_version)
    rt_strcmp                                0x08006579   Thumb Code   150  kservice.o(.text.rt_strcmp)
    rt_strlen                                0x08006611   Thumb Code    50  kservice.o(.text.rt_strlen)
    rt_strncpy                               0x08006649   Thumb Code   130  kservice.o(.text.rt_strncpy)
    rt_strstr                                0x080066d1   Thumb Code   214  kservice.o(.text.rt_strstr)
    rt_system_heap_init                      0x080067a9   Thumb Code   176  mem.o(.text.rt_system_heap_init)
    rt_system_scheduler_init                 0x08006859   Thumb Code    94  scheduler.o(.text.rt_system_scheduler_init)
    rt_system_scheduler_start                0x080068b9   Thumb Code    38  scheduler.o(.text.rt_system_scheduler_start)
    rt_system_timer_init                     0x080068e1   Thumb Code    18  timer.o(.text.rt_system_timer_init)
    rt_system_timer_thread_init              0x080068f9   Thumb Code     2  timer.o(.text.rt_system_timer_thread_init)
    rt_thread_create                         0x08006901   Thumb Code   182  thread.o(.text.rt_thread_create)
    rt_thread_exit                           0x080069b9   Thumb Code   106  thread.o(.text.rt_thread_exit)
    rt_thread_idle_excute                    0x08006a59   Thumb Code   126  idle.o(.text.rt_thread_idle_excute)
    rt_thread_idle_init                      0x08006ad9   Thumb Code    76  idle.o(.text.rt_thread_idle_init)
    rt_thread_init                           0x08006b29   Thumb Code   160  thread.o(.text.rt_thread_init)
    rt_thread_mdelay                         0x08006bc9   Thumb Code    14  thread.o(.text.rt_thread_mdelay)
    rt_thread_resume                         0x08006bd9   Thumb Code    90  thread.o(.text.rt_thread_resume)
    rt_thread_self                           0x08006c39   Thumb Code    12  thread.o(.text.rt_thread_self)
    rt_thread_sleep                          0x08006c49   Thumb Code   138  thread.o(.text.rt_thread_sleep)
    rt_thread_startup                        0x08006cd9   Thumb Code   106  thread.o(.text.rt_thread_startup)
    rt_thread_suspend                        0x08006d49   Thumb Code    86  thread.o(.text.rt_thread_suspend)
    rt_thread_timeout                        0x08006da1   Thumb Code    42  thread.o(.text.rt_thread_timeout)
    rt_thread_yield                          0x08006dd1   Thumb Code   108  thread.o(.text.rt_thread_yield)
    rt_tick_from_millisecond                 0x08006e41   Thumb Code    52  clock.o(.text.rt_tick_from_millisecond)
    rt_tick_get                              0x08006e79   Thumb Code    12  clock.o(.text.rt_tick_get)
    rt_tick_increase                         0x08006e89   Thumb Code    52  clock.o(.text.rt_tick_increase)
    rt_timer_check                           0x08006ec1   Thumb Code   152  timer.o(.text.rt_timer_check)
    rt_timer_control                         0x08006f59   Thumb Code    52  timer.o(.text.rt_timer_control)
    rt_timer_detach                          0x08006f91   Thumb Code    40  timer.o(.text.rt_timer_detach)
    rt_timer_init                            0x08006fb9   Thumb Code    52  timer.o(.text.rt_timer_init)
    rt_timer_start                           0x08006ff1   Thumb Code   222  timer.o(.text.rt_timer_start)
    rt_timer_stop                            0x080070d1   Thumb Code    72  timer.o(.text.rt_timer_stop)
    rt_vsnprintf                             0x08007119   Thumb Code  1800  kservice.o(.text.rt_vsnprintf)
    soft_reset                               0x08007a29   Thumb Code     4  lc_tech_f767.o(.text.soft_reset)
    system_init                              0x08007a31   Thumb Code   294  sys.o(.text.system_init)
    version                                  0x08007b79   Thumb Code    10  cmd.o(.text.version)
    __aeabi_errno_addr                       0x08007b85   Thumb Code     4  errno.o(i.__aeabi_errno_addr)
    __rt_errno_addr                          0x08007b85   Thumb Code     0  errno.o(i.__aeabi_errno_addr)
    __scatterload_copy                       0x08007b8d   Thumb Code    14  handlers.o(i.__scatterload_copy)
    __scatterload_null                       0x08007b9b   Thumb Code     2  handlers.o(i.__scatterload_null)
    __scatterload_zeroinit                   0x08007b9d   Thumb Code    14  handlers.o(i.__scatterload_zeroinit)
    __ctype_table                            0x08007baa   Data         129  ctype_o.o(.constdata)
    AHBPrescTable                            0x08007c30   Data          16  system_stm32f7xx.o(.rodata.AHBPrescTable)
    APBPrescTable                            0x08007c40   Data           8  system_stm32f7xx.o(.rodata.APBPrescTable)
    NAME                                     0x08007c48   Data          35  controller.o(.rodata.NAME)
    __fsym___cmd_free_name                   0x08007c6b   Data          11  msh.o(.rodata.__fsym___cmd_free_name)
    __fsym___cmd_help_name                   0x08007c76   Data          11  msh.o(.rodata.__fsym___cmd_help_name)
    __fsym___cmd_list_mailbox_name           0x08007c81   Data          19  cmd.o(.rodata.__fsym___cmd_list_mailbox_name)
    __fsym___cmd_list_sem_name               0x08007c94   Data          15  cmd.o(.rodata.__fsym___cmd_list_sem_name)
    __fsym___cmd_list_thread_name            0x08007ca3   Data          18  cmd.o(.rodata.__fsym___cmd_list_thread_name)
    __fsym___cmd_list_timer_name             0x08007cb5   Data          17  cmd.o(.rodata.__fsym___cmd_list_timer_name)
    __fsym___cmd_muscles_resume_name         0x08007cc6   Data          21  controller.o(.rodata.__fsym___cmd_muscles_resume_name)
    __fsym___cmd_muscles_start_name          0x08007cdb   Data          20  controller.o(.rodata.__fsym___cmd_muscles_start_name)
    __fsym___cmd_muscles_suspend_name        0x08007cef   Data          22  controller.o(.rodata.__fsym___cmd_muscles_suspend_name)
    __fsym___cmd_prec_name                   0x08007d05   Data          11  controller.o(.rodata.__fsym___cmd_prec_name)
    __fsym___cmd_ps_name                     0x08007d10   Data           9  msh.o(.rodata.__fsym___cmd_ps_name)
    __fsym___cmd_reset_name                  0x08007d19   Data          12  controller.o(.rodata.__fsym___cmd_reset_name)
    __fsym___cmd_setchn_name                 0x08007d25   Data          13  controller.o(.rodata.__fsym___cmd_setchn_name)
    __fsym___cmd_version_name                0x08007d32   Data          14  cmd.o(.rodata.__fsym___cmd_version_name)
    __fsym_hello_name                        0x08007d40   Data           6  cmd.o(.rodata.__fsym_hello_name)
    __fsym_list_mailbox_name                 0x08007d46   Data          13  cmd.o(.rodata.__fsym_list_mailbox_name)
    __fsym_list_mem_name                     0x08007d53   Data           9  mem.o(.rodata.__fsym_list_mem_name)
    __fsym_list_name                         0x08007d5c   Data           5  cmd.o(.rodata.__fsym_list_name)
    __fsym_list_sem_name                     0x08007d61   Data           9  cmd.o(.rodata.__fsym_list_sem_name)
    __fsym_list_thread_name                  0x08007d6a   Data          12  cmd.o(.rodata.__fsym_list_thread_name)
    __fsym_list_timer_name                   0x08007d76   Data          11  cmd.o(.rodata.__fsym_list_timer_name)
    __fsym_version_name                      0x08007d81   Data           8  cmd.o(.rodata.__fsym_version_name)
    __lowest_bit_bitmap                      0x08007d89   Data         256  kservice.o(.rodata.__lowest_bit_bitmap)
    branch                                   0x08007e89   Data           8  controller.o(.rodata.branch)
    led                                      0x08007ebc   Data           8  lc_tech_f767.o(.rodata.led)
    led_ex                                   0x08007ec4   Data           8  lc_tech_f767.o(.rodata.led_ex)
    muscle_in                                0x08007ecc   Data          96  controller.o(.rodata.muscle_in)
    muscle_out                               0x08007f2c   Data          96  controller.o(.rodata.muscle_out)
    __rt_init_rti_start                      0x08008440   Data           4  components.o(.rti_fn.0)
    __rt_init_rti_board_start                0x08008444   Data           4  components.o(.rti_fn.0.end)
    __rt_init_my_console_init                0x08008448   Data           4  myconsole.o(.rti_fn.1)
    __rt_init_GPIO_CLK_ENA                   0x0800844c   Data           4  io_def.o(.rti_fn.1)
    __rt_init_system_init                    0x08008450   Data           4  sys.o(.rti_fn.1)
    __rt_init_board_led_init                 0x08008454   Data           4  led.o(.rti_fn.1)
    __rt_init_rti_board_end                  0x08008458   Data           4  components.o(.rti_fn.1.end)
    __rt_init_finsh_system_init              0x0800845c   Data           4  shell.o(.rti_fn.6)
    __rt_init_rti_end                        0x08008460   Data           4  components.o(.rti_fn.6.end)
    FSymTab$$Base                            0x08008464   Number         0  controller.o(FSymTab)
    __fsym___cmd_muscles_start               0x08008464   Data           8  controller.o(FSymTab)
    __fsym___cmd_muscles_suspend             0x0800846c   Data           8  controller.o(FSymTab)
    __fsym___cmd_muscles_resume              0x08008474   Data           8  controller.o(FSymTab)
    __fsym___cmd_setchn                      0x0800847c   Data           8  controller.o(FSymTab)
    __fsym___cmd_prec                        0x08008484   Data           8  controller.o(FSymTab)
    __fsym___cmd_reset                       0x0800848c   Data           8  controller.o(FSymTab)
    __fsym_list_mem                          0x08008494   Data           8  mem.o(FSymTab)
    __fsym_hello                             0x0800849c   Data           8  cmd.o(FSymTab)
    __fsym_version                           0x080084a4   Data           8  cmd.o(FSymTab)
    __fsym___cmd_version                     0x080084ac   Data           8  cmd.o(FSymTab)
    __fsym_list_thread                       0x080084b4   Data           8  cmd.o(FSymTab)
    __fsym___cmd_list_thread                 0x080084bc   Data           8  cmd.o(FSymTab)
    __fsym_list_sem                          0x080084c4   Data           8  cmd.o(FSymTab)
    __fsym___cmd_list_sem                    0x080084cc   Data           8  cmd.o(FSymTab)
    __fsym_list_mailbox                      0x080084d4   Data           8  cmd.o(FSymTab)
    __fsym___cmd_list_mailbox                0x080084dc   Data           8  cmd.o(FSymTab)
    __fsym_list_timer                        0x080084e4   Data           8  cmd.o(FSymTab)
    __fsym___cmd_list_timer                  0x080084ec   Data           8  cmd.o(FSymTab)
    __fsym_list                              0x080084f4   Data           8  cmd.o(FSymTab)
    __fsym___cmd_help                        0x080084fc   Data           8  msh.o(FSymTab)
    __fsym___cmd_ps                          0x08008504   Data           8  msh.o(FSymTab)
    __fsym___cmd_free                        0x0800850c   Data           8  msh.o(FSymTab)
    FSymTab$$Limit                           0x08008514   Number         0  msh.o(FSymTab)
    Region$$Table$$Base                      0x08008514   Number         0  anon$$obj.o(Region$$Table)
    Region$$Table$$Limit                     0x08008534   Number         0  anon$$obj.o(Region$$Table)
    air_threshold                            0x20000004   Data          12  controller.o(.data..L_MergedGlobals)
    air_initial                              0x20000010   Data          48  controller.o(.data..L_MergedGlobals)
    uwTickFreq                               0x20000040   Data           1  stm32f7xx_hal.o(.data..L_MergedGlobals)
    uwTickPrio                               0x20000044   Data           4  stm32f7xx_hal.o(.data..L_MergedGlobals)
    SystemCoreClock                          0x20000048   Data           4  system_stm32f7xx.o(.data.SystemCoreClock)
    j                                        0x20000090   Data           1  stm32f7xx_it.o(.bss..L_MergedGlobals)
    dmacnt                                   0x20000092   Data           2  stm32f7xx_it.o(.bss..L_MergedGlobals)
    uart_rxcb                                0x20000094   Data          12  myconsole.o(.bss..L_MergedGlobals)
    rt_interrupt_nest                        0x200000c0   Data           1  irq.o(.bss..L_MergedGlobals)
    rt_current_priority                      0x2000010c   Data           1  scheduler.o(.bss..L_MergedGlobals)
    rt_current_thread                        0x20000114   Data           4  scheduler.o(.bss..L_MergedGlobals)
    rt_thread_ready_priority_group           0x20000118   Data           4  scheduler.o(.bss..L_MergedGlobals)
    rt_thread_defunct                        0x2000011c   Data           8  scheduler.o(.bss..L_MergedGlobals)
    rt_thread_priority_table                 0x20000124   Data          64  scheduler.o(.bss..L_MergedGlobals)
    _syscall_table_begin                     0x20000178   Data           4  shell.o(.bss..L_MergedGlobals)
    _syscall_table_end                       0x2000017c   Data           4  shell.o(.bss..L_MergedGlobals)
    _sysvar_table_begin                      0x20000180   Data           4  shell.o(.bss..L_MergedGlobals)
    _sysvar_table_end                        0x20000184   Data           4  shell.o(.bss..L_MergedGlobals)
    shell                                    0x2000018c   Data           4  shell.o(.bss..L_MergedGlobals)
    adc_sig                                  0x20000194   Data           4  controller.o(.bss..L_MergedGlobals.54)
    UART1_Handler                            0x2000019c   Data         128  myconsole.o(.bss.UART1_Handler)
    aRxBuffer                                0x2000021c   Data           1  myconsole.o(.bss.aRxBuffer)
    adc_averval                              0x20000220   Data          48  main.o(.bss.adc_averval)
    adc_buffer                               0x20000250   Data          48  main.o(.bss.adc_buffer)
    adc_tmp                                  0x20000280   Data          48  main.o(.bss.adc_tmp)
    hadc1                                    0x200006b4   Data          72  adc.o(.bss.hadc1)
    hdma_adc1                                0x200006fc   Data          96  adc.o(.bss.hdma_adc1)
    htim2                                    0x2000075c   Data          64  tim.o(.bss.htim2)
    huart1                                   0x2000079c   Data         128  usart.o(.bss.huart1)
    huart2                                   0x2000081c   Data         128  usart.o(.bss.huart2)
    rt_interrupt_from_thread                 0x20001928   Data           4  cpuport.o(.bss.rt_interrupt_from_thread)
    rt_interrupt_to_thread                   0x2000192c   Data           4  cpuport.o(.bss.rt_interrupt_to_thread)
    rt_object_put_hook                       0x20001d38   Data           4  object.o(.bss.rt_object_put_hook)
    rt_object_take_hook                      0x20001d3c   Data           4  object.o(.bss.rt_object_take_hook)
    rt_object_trytake_hook                   0x20001d40   Data           4  object.o(.bss.rt_object_trytake_hook)
    rt_thread_switch_interrupt_flag          0x20001e50   Data           4  cpuport.o(.bss.rt_thread_switch_interrupt_flag)
    uart_rx_buf                              0x20001e58   Data         200  myconsole.o(.bss.uart_rx_buf)
    uwTick                                   0x20001f20   Data           4  stm32f7xx_hal.o(.bss.uwTick)
    __initial_sp                             0x20002328   Data           0  startup_stm32f767xx.o(STACK)



==============================================================================

Memory Map of the image

  Image Entry point : 0x080001f9

  Load Region LR_IROM1 (Base: 0x08000000, Size: 0x000085c8, Max: 0x00100000, ABSOLUTE)

    Execution Region ER_IROM1 (Exec base: 0x08000000, Load base: 0x08000000, Size: 0x00008534, Max: 0x00100000, ABSOLUTE)

    Exec Addr    Load Addr    Size         Type   Attr      Idx    E Section Name        Object

    0x08000000   0x08000000   0x000001f8   Data   RO         1854    RESET               startup_stm32f767xx.o
    0x080001f8   0x080001f8   0x00000000   Code   RO         1859  * .ARM.Collect$$$$00000000  mc_w.l(entry.o)
    0x080001f8   0x080001f8   0x00000004   Code   RO         1880    .ARM.Collect$$$$00000001  mc_w.l(entry2.o)
    0x080001fc   0x080001fc   0x00000004   Code   RO         1883    .ARM.Collect$$$$00000004  mc_w.l(entry5.o)
    0x08000200   0x08000200   0x00000000   Code   RO         1885    .ARM.Collect$$$$00000008  mc_w.l(entry7b.o)
    0x08000200   0x08000200   0x00000000   Code   RO         1887    .ARM.Collect$$$$0000000A  mc_w.l(entry8b.o)
    0x08000200   0x08000200   0x00000008   Code   RO         1888    .ARM.Collect$$$$0000000B  mc_w.l(entry9a.o)
    0x08000208   0x08000208   0x00000000   Code   RO         1890    .ARM.Collect$$$$0000000D  mc_w.l(entry10a.o)
    0x08000208   0x08000208   0x00000000   Code   RO         1892    .ARM.Collect$$$$0000000F  mc_w.l(entry11a.o)
    0x08000208   0x08000208   0x00000004   Code   RO         1881    .ARM.Collect$$$$00002712  mc_w.l(entry2.o)
    0x0800020c   0x0800020c   0x00000134   Code   RO          670    .text               context_rvds.o
    0x08000340   0x08000340   0x00000024   Code   RO         1855    .text               startup_stm32f767xx.o
    0x08000364   0x08000364   0x00000062   Code   RO         1862    .text               mc_w.l(uldiv.o)
    0x080003c6   0x080003c6   0x00000024   Code   RO         1864    .text               mc_w.l(memcpya.o)
    0x080003ea   0x080003ea   0x00000024   Code   RO         1866    .text               mc_w.l(memseta.o)
    0x0800040e   0x0800040e   0x00000018   Code   RO         1868    .text               mc_w.l(strncpy.o)
    0x08000426   0x08000426   0x0000000e   Code   RO         1870    .text               mc_w.l(strlen.o)
    0x08000434   0x08000434   0x0000001e   Code   RO         1874    .text               mc_w.l(strncmp.o)
    0x08000452   0x08000452   0x0000001a   Code   RO         1878    .text               mc_w.l(atoi.o)
    0x0800046c   0x0800046c   0x0000001e   Code   RO         1894    .text               mc_w.l(llshl.o)
    0x0800048a   0x0800048a   0x00000020   Code   RO         1896    .text               mc_w.l(llushr.o)
    0x080004aa   0x080004aa   0x00000070   Code   RO         1905    .text               mc_w.l(strtol.o)
    0x0800051a   0x0800051a   0x00000002   PAD
    0x0800051c   0x0800051c   0x00000024   Code   RO         1907    .text               mc_w.l(init.o)
    0x08000540   0x08000540   0x00000008   Code   RO         1909    .text               mc_w.l(ctype_o.o)
    0x08000548   0x08000548   0x0000009e   Code   RO         1937    .text               mc_w.l(_strtoul.o)
    0x080005e6   0x080005e6   0x0000001c   Code   RO         1939    .text               mc_w.l(_chval.o)
    0x08000602   0x08000602   0x00000006   PAD
    0x08000608   0x08000608   0x00000054   Code   RO          316    .text.$Sub$$main    components.o
    0x0800065c   0x0800065c   0x00000004   PAD
    0x08000660   0x08000660   0x00000068   Code   RO          895    .text.ADC_DMAConvCplt  stm32f7xx_hal_adc.o
    0x080006c8   0x080006c8   0x00000012   Code   RO          899    .text.ADC_DMAError  stm32f7xx_hal_adc.o
    0x080006da   0x080006da   0x00000006   PAD
    0x080006e0   0x080006e0   0x00000006   Code   RO          897    .text.ADC_DMAHalfConvCplt  stm32f7xx_hal_adc.o
    0x080006e6   0x080006e6   0x00000002   PAD
    0x080006e8   0x080006e8   0x00000002   Code   RO          105    .text.BusFault_Handler  stm32f7xx_it.o
    0x080006ea   0x080006ea   0x00000006   PAD
    0x080006f0   0x080006f0   0x0000020c   Code   RO          117    .text.DMA2_Stream0_IRQHandler  stm32f7xx_it.o
    0x080008fc   0x080008fc   0x00000004   PAD
    0x08000900   0x08000900   0x00000002   Code   RO          111    .text.DebugMon_Handler  stm32f7xx_it.o
    0x08000902   0x08000902   0x00000006   PAD
    0x08000908   0x08000908   0x00000002   Code   RO            6    .text.Error_Handler  main.o
    0x0800090a   0x0800090a   0x00000006   PAD
    0x08000910   0x08000910   0x000000b0   Code   RO          244    .text.GPIO_CLK_ENA  io_def.o
    0x080009c0   0x080009c0   0x00000172   Code   RO          907    .text.HAL_ADC_ConfigChannel  stm32f7xx_hal_adc.o
    0x08000b32   0x08000b32   0x00000006   PAD
    0x08000b38   0x08000b38   0x00000002   Code   RO          887    .text.HAL_ADC_ConvCpltCallback  stm32f7xx_hal_adc.o
    0x08000b3a   0x08000b3a   0x00000006   PAD
    0x08000b40   0x08000b40   0x00000002   Code   RO          905    .text.HAL_ADC_ConvHalfCpltCallback  stm32f7xx_hal_adc.o
    0x08000b42   0x08000b42   0x00000006   PAD
    0x08000b48   0x08000b48   0x00000002   Code   RO          891    .text.HAL_ADC_ErrorCallback  stm32f7xx_hal_adc.o
    0x08000b4a   0x08000b4a   0x00000006   PAD
    0x08000b50   0x08000b50   0x0000015a   Code   RO          865    .text.HAL_ADC_Init  stm32f7xx_hal_adc.o
    0x08000caa   0x08000caa   0x00000006   PAD
    0x08000cb0   0x08000cb0   0x000000fc   Code   RO           30    .text.HAL_ADC_MspInit  adc.o
    0x08000dac   0x08000dac   0x00000004   PAD
    0x08000db0   0x08000db0   0x00000134   Code   RO          873    .text.HAL_ADC_Start  stm32f7xx_hal_adc.o
    0x08000ee4   0x08000ee4   0x00000004   PAD
    0x08000ee8   0x08000ee8   0x00000184   Code   RO          893    .text.HAL_ADC_Start_DMA  stm32f7xx_hal_adc.o
    0x0800106c   0x0800106c   0x00000004   PAD
    0x08001070   0x08001070   0x00000024   Code   RO         1097    .text.HAL_DMA_Abort_IT  stm32f7xx_hal_dma.o
    0x08001094   0x08001094   0x00000004   PAD
    0x08001098   0x08001098   0x00000158   Code   RO         1087    .text.HAL_DMA_Init  stm32f7xx_hal_dma.o
    0x080011f0   0x080011f0   0x000000a8   Code   RO         1093    .text.HAL_DMA_Start_IT  stm32f7xx_hal_dma.o
    0x08001298   0x08001298   0x000001bc   Code   RO         1213    .text.HAL_GPIO_Init  stm32f7xx_hal_gpio.o
    0x08001454   0x08001454   0x00000004   PAD
    0x08001458   0x08001458   0x0000000c   Code   RO         1221    .text.HAL_GPIO_TogglePin  stm32f7xx_hal_gpio.o
    0x08001464   0x08001464   0x00000004   PAD
    0x08001468   0x08001468   0x0000000a   Code   RO         1219    .text.HAL_GPIO_WritePin  stm32f7xx_hal_gpio.o
    0x08001472   0x08001472   0x00000006   PAD
    0x08001478   0x08001478   0x0000000c   Code   RO          805    .text.HAL_GetTick   stm32f7xx_hal.o
    0x08001484   0x08001484   0x00000004   PAD
    0x08001488   0x08001488   0x0000002e   Code   RO          793    .text.HAL_Init      stm32f7xx_hal.o
    0x080014b6   0x080014b6   0x00000002   PAD
    0x080014b8   0x080014b8   0x00000048   Code   RO          795    .text.HAL_InitTick  stm32f7xx_hal.o
    0x08001500   0x08001500   0x00000036   Code   RO          128    .text.HAL_MspInit   stm32f7xx_hal_msp.o
    0x08001536   0x08001536   0x00000002   PAD
    0x08001538   0x08001538   0x00000020   Code   RO         1045    .text.HAL_NVIC_EnableIRQ  stm32f7xx_hal_cortex.o
    0x08001558   0x08001558   0x0000005e   Code   RO         1043    .text.HAL_NVIC_SetPriority  stm32f7xx_hal_cortex.o
    0x080015b6   0x080015b6   0x00000002   PAD
    0x080015b8   0x080015b8   0x00000020   Code   RO         1041    .text.HAL_NVIC_SetPriorityGrouping  stm32f7xx_hal_cortex.o
    0x080015d8   0x080015d8   0x00000076   Code   RO         1295    .text.HAL_PWREx_EnableOverDrive  stm32f7xx_hal_pwr_ex.o
    0x0800164e   0x0800164e   0x00000002   PAD
    0x08001650   0x08001650   0x000005c2   Code   RO         1349    .text.HAL_RCCEx_PeriphCLKConfig  stm32f7xx_hal_rcc_ex.o
    0x08001c12   0x08001c12   0x00000006   PAD
    0x08001c18   0x08001c18   0x000001e2   Code   RO         1317    .text.HAL_RCC_ClockConfig  stm32f7xx_hal_rcc.o
    0x08001dfa   0x08001dfa   0x00000006   PAD
    0x08001e00   0x08001e00   0x00000026   Code   RO         1329    .text.HAL_RCC_GetPCLK1Freq  stm32f7xx_hal_rcc.o
    0x08001e26   0x08001e26   0x00000002   PAD
    0x08001e28   0x08001e28   0x00000026   Code   RO         1331    .text.HAL_RCC_GetPCLK2Freq  stm32f7xx_hal_rcc.o
    0x08001e4e   0x08001e4e   0x00000002   PAD
    0x08001e50   0x08001e50   0x0000006a   Code   RO         1319    .text.HAL_RCC_GetSysClockFreq  stm32f7xx_hal_rcc.o
    0x08001eba   0x08001eba   0x00000006   PAD
    0x08001ec0   0x08001ec0   0x00000384   Code   RO         1315    .text.HAL_RCC_OscConfig  stm32f7xx_hal_rcc.o
    0x08002244   0x08002244   0x00000004   PAD
    0x08002248   0x08002248   0x0000002c   Code   RO         1053    .text.HAL_SYSTICK_Config  stm32f7xx_hal_cortex.o
    0x08002274   0x08002274   0x00000004   PAD
    0x08002278   0x08002278   0x00000002   Code   RO         1671    .text.HAL_TIMEx_Break2Callback  stm32f7xx_hal_tim_ex.o
    0x0800227a   0x0800227a   0x00000006   PAD
    0x08002280   0x08002280   0x00000002   Code   RO         1669    .text.HAL_TIMEx_BreakCallback  stm32f7xx_hal_tim_ex.o
    0x08002282   0x08002282   0x00000006   PAD
    0x08002288   0x08002288   0x00000002   Code   RO         1665    .text.HAL_TIMEx_CommutCallback  stm32f7xx_hal_tim_ex.o
    0x0800228a   0x0800228a   0x00000006   PAD
    0x08002290   0x08002290   0x00000002   Code   RO         1511    .text.HAL_TIM_IC_CaptureCallback  stm32f7xx_hal_tim.o
    0x08002292   0x08002292   0x00000006   PAD
    0x08002298   0x08002298   0x00000188   Code   RO         1509    .text.HAL_TIM_IRQHandler  stm32f7xx_hal_tim.o
    0x08002420   0x08002420   0x00000002   Code   RO         1513    .text.HAL_TIM_OC_DelayElapsedCallback  stm32f7xx_hal_tim.o
    0x08002422   0x08002422   0x00000006   PAD
    0x08002428   0x08002428   0x00000002   Code   RO         1515    .text.HAL_TIM_PWM_PulseFinishedCallback  stm32f7xx_hal_tim.o
    0x0800242a   0x0800242a   0x00000006   PAD
    0x08002430   0x08002430   0x00000002   Code   RO         1517    .text.HAL_TIM_PeriodElapsedCallback  stm32f7xx_hal_tim.o
    0x08002432   0x08002432   0x00000006   PAD
    0x08002438   0x08002438   0x00000002   Code   RO         1519    .text.HAL_TIM_TriggerCallback  stm32f7xx_hal_tim.o
    0x0800243a   0x0800243a   0x00000006   PAD
    0x08002440   0x08002440   0x00000002   Code   RO         1773    .text.HAL_UARTEx_WakeupCallback  stm32f7xx_hal_uart.o
    0x08002442   0x08002442   0x00000006   PAD
    0x08002448   0x08002448   0x00000002   Code   RO         1771    .text.HAL_UART_ErrorCallback  stm32f7xx_hal_uart.o
    0x0800244a   0x0800244a   0x00000006   PAD
    0x08002450   0x08002450   0x00000192   Code   RO         1767    .text.HAL_UART_IRQHandler  stm32f7xx_hal_uart.o
    0x080025e2   0x080025e2   0x00000006   PAD
    0x080025e8   0x080025e8   0x00000060   Code   RO         1683    .text.HAL_UART_Init  stm32f7xx_hal_uart.o
    0x08002648   0x08002648   0x00000084   Code   RO           89    .text.HAL_UART_MspInit  usart.o
    0x080026cc   0x080026cc   0x00000004   PAD
    0x080026d0   0x080026d0   0x000000aa   Code   RO         1715    .text.HAL_UART_Receive_IT  stm32f7xx_hal_uart.o
    0x0800277a   0x0800277a   0x00000006   PAD
    0x08002780   0x08002780   0x00000002   Code   RO         1779    .text.HAL_UART_RxCpltCallback  stm32f7xx_hal_uart.o
    0x08002782   0x08002782   0x00000006   PAD
    0x08002788   0x08002788   0x00000002   Code   RO         1775    .text.HAL_UART_TxCpltCallback  stm32f7xx_hal_uart.o
    0x0800278a   0x0800278a   0x00000006   PAD
    0x08002790   0x08002790   0x00000190   Code   RO           28    .text.MX_ADC1_Init  adc.o
    0x08002920   0x08002920   0x00000034   Code   RO           59    .text.MX_DMA_Init   dma.o
    0x08002954   0x08002954   0x00000004   PAD
    0x08002958   0x08002958   0x0000007a   Code   RO           20    .text.MX_GPIO_Init  gpio.o
    0x080029d2   0x080029d2   0x00000006   PAD
    0x080029d8   0x080029d8   0x00000062   Code   RO           85    .text.MX_USART1_UART_Init  usart.o
    0x08002a3a   0x08002a3a   0x00000006   PAD
    0x08002a40   0x08002a40   0x00000158   Code   RO          199    .text.Muscles       controller.o
    0x08002b98   0x08002b98   0x00000002   Code   RO          103    .text.NMI_Handler   stm32f7xx_it.o
    0x08002b9a   0x08002b9a   0x00000006   PAD
    0x08002ba0   0x08002ba0   0x00000002   Code   RO          109    .text.SVC_Handler   stm32f7xx_it.o
    0x08002ba2   0x08002ba2   0x00000006   PAD
    0x08002ba8   0x08002ba8   0x00000012   Code   RO          143    .text.SysTick_Handler  board.o
    0x08002bba   0x08002bba   0x00000006   PAD
    0x08002bc0   0x08002bc0   0x000000ce   Code   RO          259    .text.SystemClock_Config  sys.o
    0x08002c8e   0x08002c8e   0x00000002   PAD
    0x08002c90   0x08002c90   0x0000007e   Code   RO         1840    .text.SystemCoreClockUpdate  system_stm32f7xx.o
    0x08002d0e   0x08002d0e   0x00000002   PAD
    0x08002d10   0x08002d10   0x0000001a   Code   RO         1838    .text.SystemInit    system_stm32f7xx.o
    0x08002d2a   0x08002d2a   0x00000006   PAD
    0x08002d30   0x08002d30   0x0000000c   Code   RO          113    .text.TIM2_IRQHandler  stm32f7xx_it.o
    0x08002d3c   0x08002d3c   0x00000004   PAD
    0x08002d40   0x08002d40   0x000000e0   Code   RO         1689    .text.UART_AdvFeatureConfig  stm32f7xx_hal_uart.o
    0x08002e20   0x08002e20   0x000000f8   Code   RO         1691    .text.UART_CheckIdleState  stm32f7xx_hal_uart.o
    0x08002f18   0x08002f18   0x00000010   Code   RO         1769    .text.UART_DMAAbortOnError  stm32f7xx_hal_uart.o
    0x08002f28   0x08002f28   0x00000056   Code   RO         1717    .text.UART_RxISR_16BIT  stm32f7xx_hal_uart.o
    0x08002f7e   0x08002f7e   0x00000002   PAD
    0x08002f80   0x08002f80   0x00000056   Code   RO         1719    .text.UART_RxISR_8BIT  stm32f7xx_hal_uart.o
    0x08002fd6   0x08002fd6   0x00000002   PAD
    0x08002fd8   0x08002fd8   0x0000021c   Code   RO         1687    .text.UART_SetConfig  stm32f7xx_hal_uart.o
    0x080031f4   0x080031f4   0x00000004   PAD
    0x080031f8   0x080031f8   0x000000c4   Code   RO          182    .text.USART1_IRQHandler  myconsole.o
    0x080032bc   0x080032bc   0x00000004   PAD
    0x080032c0   0x080032c0   0x0000000c   Code   RO          115    .text.USART2_IRQHandler  stm32f7xx_it.o
    0x080032cc   0x080032cc   0x00000004   PAD
    0x080032d0   0x080032d0   0x00000002   Code   RO          107    .text.UsageFault_Handler  stm32f7xx_it.o
    0x080032d2   0x080032d2   0x00000006   PAD
    0x080032d8   0x080032d8   0x00000024   Code   RO          157    .text.__NVIC_SystemReset  lc_tech_f767.o
    0x080032fc   0x080032fc   0x00000004   PAD
    0x08003300   0x08003300   0x00000038   Code   RO          472    .text.__rt_ffs      kservice.o
    0x08003338   0x08003338   0x00000036   Code   RO          153    .text.board_led_init  lc_tech_f767.o
    0x0800336e   0x0800336e   0x00000002   PAD
    0x08003370   0x08003370   0x0000000a   Code   RO          742    .text.cmd_free      msh.o
    0x0800337a   0x0800337a   0x00000006   PAD
    0x08003380   0x08003380   0x0000000a   Code   RO          740    .text.cmd_ps        msh.o
    0x0800338a   0x0800338a   0x00000006   PAD
    0x08003390   0x08003390   0x0000007c   Code   RO          197    .text.ctrl_thread_init  controller.o
    0x0800340c   0x0800340c   0x00000004   PAD
    0x08003410   0x08003410   0x000000b0   Code   RO          779    .text.finsh_system_init  shell.o
    0x080034c0   0x080034c0   0x000003ec   Code   RO          773    .text.finsh_thread_entry  shell.o
    0x080038ac   0x080038ac   0x00000004   PAD
    0x080038b0   0x080038b0   0x00000020   Code   RO          700    .text.hello         cmd.o
    0x080038d0   0x080038d0   0x00000010   Code   RO          242    .text.io_control    io_def.o
    0x080038e0   0x080038e0   0x0000003c   Code   RO          240    .text.io_group_init  io_def.o
    0x0800391c   0x0800391c   0x00000004   PAD
    0x08003920   0x08003920   0x00000078   Code   RO          712    .text.list          cmd.o
    0x08003998   0x08003998   0x00000268   Code   RO          708    .text.list_mailbox  cmd.o
    0x08003c00   0x08003c00   0x00000070   Code   RO          502    .text.list_mem      mem.o
    0x08003c70   0x08003c70   0x00000248   Code   RO          706    .text.list_sem      cmd.o
    0x08003eb8   0x08003eb8   0x0000027c   Code   RO          704    .text.list_thread   cmd.o
    0x08004134   0x08004134   0x00000004   PAD
    0x08004138   0x08004138   0x000001ec   Code   RO          710    .text.list_timer    cmd.o
    0x08004324   0x08004324   0x00000004   PAD
    0x08004328   0x08004328   0x00000080   Code   RO            2    .text.main          main.o
    0x080043a8   0x080043a8   0x00000032   Code   RO          320    .text.main_thread_entry  components.o
    0x080043da   0x080043da   0x00000006   PAD
    0x080043e0   0x080043e0   0x0000016c   Code   RO          746    .text.msh_auto_complete  msh.o
    0x0800454c   0x0800454c   0x00000004   PAD
    0x08004550   0x08004550   0x00000238   Code   RO          744    .text.msh_exec      msh.o
    0x08004788   0x08004788   0x00000078   Code   RO          738    .text.msh_help      msh.o
    0x08004800   0x08004800   0x00000004   Code   RO          736    .text.msh_is_used   msh.o
    0x08004804   0x08004804   0x00000004   PAD
    0x08004808   0x08004808   0x0000004c   Code   RO          205    .text.muscles_resume  controller.o
    0x08004854   0x08004854   0x00000004   PAD
    0x08004858   0x08004858   0x00000080   Code   RO          201    .text.muscles_start  controller.o
    0x080048d8   0x080048d8   0x0000004c   Code   RO          203    .text.muscles_suspend  controller.o
    0x08004924   0x08004924   0x00000004   PAD
    0x08004928   0x08004928   0x00000044   Code   RO          176    .text.my_console_init  myconsole.o
    0x0800496c   0x0800496c   0x00000004   PAD
    0x08004970   0x08004970   0x000006b8   Code   RO          209    .text.pressure_control  controller.o
    0x08005028   0x08005028   0x00000474   Code   RO          456    .text.print_number  kservice.o
    0x0800549c   0x0800549c   0x00000004   PAD
    0x080054a0   0x080054a0   0x0000001e   Code   RO          498    .text.rt_calloc     mem.o
    0x080054be   0x080054be   0x00000002   PAD
    0x080054c0   0x080054c0   0x0000002c   Code   RO          312    .text.rt_components_board_init  components.o
    0x080054ec   0x080054ec   0x00000004   PAD
    0x080054f0   0x080054f0   0x0000001c   Code   RO          571    .text.rt_enter_critical  scheduler.o
    0x0800550c   0x0800550c   0x00000004   PAD
    0x08005510   0x08005510   0x0000003a   Code   RO          573    .text.rt_exit_critical  scheduler.o
    0x0800554a   0x0800554a   0x00000006   PAD
    0x08005550   0x08005550   0x0000012c   Code   RO          496    .text.rt_free       mem.o
    0x0800567c   0x0800567c   0x00000004   PAD
    0x08005680   0x08005680   0x0000000a   Code   RO          137    .text.rt_heap_begin_get  board.o
    0x0800568a   0x0800568a   0x00000006   PAD
    0x08005690   0x08005690   0x0000000e   Code   RO          139    .text.rt_heap_end_get  board.o
    0x0800569e   0x0800569e   0x00000002   PAD
    0x080056a0   0x080056a0   0x00000062   Code   RO          141    .text.rt_hw_board_init  board.o
    0x08005702   0x08005702   0x00000006   PAD
    0x08005708   0x08005708   0x0000007a   Code   RO          180    .text.rt_hw_console_getchar  myconsole.o
    0x08005782   0x08005782   0x00000006   PAD
    0x08005788   0x08005788   0x0000007a   Code   RO          178    .text.rt_hw_console_output  myconsole.o
    0x08005802   0x08005802   0x00000006   PAD
    0x08005808   0x08005808   0x0000043c   Code   RO          681    .text.rt_hw_hard_fault_exception  cpuport.o
    0x08005c44   0x08005c44   0x00000004   PAD
    0x08005c48   0x08005c48   0x00000040   Code   RO          677    .text.rt_hw_stack_init  cpuport.o
    0x08005c88   0x08005c88   0x00000026   Code   RO          405    .text.rt_interrupt_enter  irq.o
    0x08005cae   0x08005cae   0x00000002   PAD
    0x08005cb0   0x08005cb0   0x00000026   Code   RO          407    .text.rt_interrupt_leave  irq.o
    0x08005cd6   0x08005cd6   0x00000002   PAD
    0x08005cd8   0x08005cd8   0x00000034   Code   RO          452    .text.rt_kprintf    kservice.o
    0x08005d0c   0x08005d0c   0x00000004   PAD
    0x08005d10   0x08005d10   0x0000015e   Code   RO          492    .text.rt_malloc     mem.o
    0x08005e6e   0x08005e6e   0x00000002   PAD
    0x08005e70   0x08005e70   0x000000e2   Code   RO          430    .text.rt_memmove    kservice.o
    0x08005f52   0x08005f52   0x00000006   PAD
    0x08005f58   0x08005f58   0x00000122   Code   RO          426    .text.rt_memset     kservice.o
    0x0800607a   0x0800607a   0x00000006   PAD
    0x08006080   0x08006080   0x00000090   Code   RO          535    .text.rt_object_allocate  object.o
    0x08006110   0x08006110   0x0000003c   Code   RO          537    .text.rt_object_delete  object.o
    0x0800614c   0x0800614c   0x00000004   PAD
    0x08006150   0x08006150   0x00000034   Code   RO          533    .text.rt_object_detach  object.o
    0x08006184   0x08006184   0x00000004   PAD
    0x08006188   0x08006188   0x00000036   Code   RO          529    .text.rt_object_get_information  object.o
    0x080061be   0x080061be   0x00000002   PAD
    0x080061c0   0x080061c0   0x0000009a   Code   RO          531    .text.rt_object_init  object.o
    0x0800625a   0x0800625a   0x00000006   PAD
    0x08006260   0x08006260   0x00000006   Code   RO          539    .text.rt_object_is_systemobject  object.o
    0x08006266   0x08006266   0x00000002   PAD
    0x08006268   0x08006268   0x0000007c   Code   RO          565    .text.rt_schedule   scheduler.o
    0x080062e4   0x080062e4   0x00000004   PAD
    0x080062e8   0x080062e8   0x0000004a   Code   RO          567    .text.rt_schedule_insert_thread  scheduler.o
    0x08006332   0x08006332   0x00000006   PAD
    0x08006338   0x08006338   0x00000050   Code   RO          569    .text.rt_schedule_remove_thread  scheduler.o
    0x08006388   0x08006388   0x00000020   Code   RO          361    .text.rt_sem_init   ipc.o
    0x080063a8   0x080063a8   0x0000004a   Code   RO          373    .text.rt_sem_release  ipc.o
    0x080063f2   0x080063f2   0x00000006   PAD
    0x080063f8   0x080063f8   0x0000011e   Code   RO          369    .text.rt_sem_take   ipc.o
    0x08006516   0x08006516   0x00000002   PAD
    0x08006518   0x08006518   0x00000060   Code   RO          213    .text.rt_show_version  controller.o
    0x08006578   0x08006578   0x00000096   Code   RO          444    .text.rt_strcmp     kservice.o
    0x0800660e   0x0800660e   0x00000002   PAD
    0x08006610   0x08006610   0x00000032   Code   RO          436    .text.rt_strlen     kservice.o
    0x08006642   0x08006642   0x00000006   PAD
    0x08006648   0x08006648   0x00000082   Code   RO          440    .text.rt_strncpy    kservice.o
    0x080066ca   0x080066ca   0x00000006   PAD
    0x080066d0   0x080066d0   0x000000d6   Code   RO          434    .text.rt_strstr     kservice.o
    0x080067a6   0x080067a6   0x00000002   PAD
    0x080067a8   0x080067a8   0x000000b0   Code   RO          490    .text.rt_system_heap_init  mem.o
    0x08006858   0x08006858   0x0000005e   Code   RO          561    .text.rt_system_scheduler_init  scheduler.o
    0x080068b6   0x080068b6   0x00000002   PAD
    0x080068b8   0x080068b8   0x00000026   Code   RO          563    .text.rt_system_scheduler_start  scheduler.o
    0x080068de   0x080068de   0x00000002   PAD
    0x080068e0   0x080068e0   0x00000012   Code   RO          658    .text.rt_system_timer_init  timer.o
    0x080068f2   0x080068f2   0x00000006   PAD
    0x080068f8   0x080068f8   0x00000002   Code   RO          660    .text.rt_system_timer_thread_init  timer.o
    0x080068fa   0x080068fa   0x00000006   PAD
    0x08006900   0x08006900   0x000000b6   Code   RO          605    .text.rt_thread_create  thread.o
    0x080069b6   0x080069b6   0x00000002   PAD
    0x080069b8   0x080069b8   0x0000006a   Code   RO          593    .text.rt_thread_exit  thread.o
    0x08006a22   0x08006a22   0x00000006   PAD
    0x08006a28   0x08006a28   0x0000002c   Code   RO          346    .text.rt_thread_idle_entry  idle.o
    0x08006a54   0x08006a54   0x00000004   PAD
    0x08006a58   0x08006a58   0x0000007e   Code   RO          342    .text.rt_thread_idle_excute  idle.o
    0x08006ad6   0x08006ad6   0x00000002   PAD
    0x08006ad8   0x08006ad8   0x0000004c   Code   RO          344    .text.rt_thread_idle_init  idle.o
    0x08006b24   0x08006b24   0x00000004   PAD
    0x08006b28   0x08006b28   0x000000a0   Code   RO          595    .text.rt_thread_init  thread.o
    0x08006bc8   0x08006bc8   0x0000000e   Code   RO          617    .text.rt_thread_mdelay  thread.o
    0x08006bd6   0x08006bd6   0x00000002   PAD
    0x08006bd8   0x08006bd8   0x0000005a   Code   RO          601    .text.rt_thread_resume  thread.o
    0x08006c32   0x08006c32   0x00000006   PAD
    0x08006c38   0x08006c38   0x0000000c   Code   RO          597    .text.rt_thread_self  thread.o
    0x08006c44   0x08006c44   0x00000004   PAD
    0x08006c48   0x08006c48   0x0000008a   Code   RO          611    .text.rt_thread_sleep  thread.o
    0x08006cd2   0x08006cd2   0x00000006   PAD
    0x08006cd8   0x08006cd8   0x0000006a   Code   RO          599    .text.rt_thread_startup  thread.o
    0x08006d42   0x08006d42   0x00000006   PAD
    0x08006d48   0x08006d48   0x00000056   Code   RO          613    .text.rt_thread_suspend  thread.o
    0x08006d9e   0x08006d9e   0x00000002   PAD
    0x08006da0   0x08006da0   0x0000002a   Code   RO          621    .text.rt_thread_timeout  thread.o
    0x08006dca   0x08006dca   0x00000006   PAD
    0x08006dd0   0x08006dd0   0x0000006c   Code   RO          609    .text.rt_thread_yield  thread.o
    0x08006e3c   0x08006e3c   0x00000004   PAD
    0x08006e40   0x08006e40   0x00000034   Code   RO          293    .text.rt_tick_from_millisecond  clock.o
    0x08006e74   0x08006e74   0x00000004   PAD
    0x08006e78   0x08006e78   0x0000000c   Code   RO          287    .text.rt_tick_get   clock.o
    0x08006e84   0x08006e84   0x00000004   PAD
    0x08006e88   0x08006e88   0x00000034   Code   RO          291    .text.rt_tick_increase  clock.o
    0x08006ebc   0x08006ebc   0x00000004   PAD
    0x08006ec0   0x08006ec0   0x00000098   Code   RO          654    .text.rt_timer_check  timer.o
    0x08006f58   0x08006f58   0x00000034   Code   RO          652    .text.rt_timer_control  timer.o
    0x08006f8c   0x08006f8c   0x00000004   PAD
    0x08006f90   0x08006f90   0x00000028   Code   RO          642    .text.rt_timer_detach  timer.o
    0x08006fb8   0x08006fb8   0x00000034   Code   RO          640    .text.rt_timer_init  timer.o
    0x08006fec   0x08006fec   0x00000004   PAD
    0x08006ff0   0x08006ff0   0x000000de   Code   RO          648    .text.rt_timer_start  timer.o
    0x080070ce   0x080070ce   0x00000002   PAD
    0x080070d0   0x080070d0   0x00000048   Code   RO          650    .text.rt_timer_stop  timer.o
    0x08007118   0x08007118   0x00000708   Code   RO          454    .text.rt_vsnprintf  kservice.o
    0x08007820   0x08007820   0x00000004   Code   RO          308    .text.rti_board_end  components.o
    0x08007824   0x08007824   0x00000004   PAD
    0x08007828   0x08007828   0x00000004   Code   RO          306    .text.rti_board_start  components.o
    0x0800782c   0x0800782c   0x00000004   PAD
    0x08007830   0x08007830   0x00000004   Code   RO          310    .text.rti_end       components.o
    0x08007834   0x08007834   0x00000004   PAD
    0x08007838   0x08007838   0x00000004   Code   RO          304    .text.rti_start     components.o
    0x0800783c   0x0800783c   0x00000004   PAD
    0x08007840   0x08007840   0x000001e8   Code   RO          207    .text.set_channel   controller.o
    0x08007a28   0x08007a28   0x00000004   Code   RO          155    .text.soft_reset    lc_tech_f767.o
    0x08007a2c   0x08007a2c   0x00000004   PAD
    0x08007a30   0x08007a30   0x00000126   Code   RO          265    .text.system_init   sys.o
    0x08007b56   0x08007b56   0x00000002   PAD
    0x08007b58   0x08007b58   0x0000001c   Code   RO            4    .text.t_led         main.o
    0x08007b74   0x08007b74   0x00000004   PAD
    0x08007b78   0x08007b78   0x0000000a   Code   RO          702    .text.version       cmd.o
    0x08007b82   0x08007b82   0x00000002   PAD
    0x08007b84   0x08007b84   0x00000008   Code   RO         1898    i.__aeabi_errno_addr  mc_w.l(errno.o)
    0x08007b8c   0x08007b8c   0x0000000e   Code   RO         1943    i.__scatterload_copy  mc_w.l(handlers.o)
    0x08007b9a   0x08007b9a   0x00000002   Code   RO         1944    i.__scatterload_null  mc_w.l(handlers.o)
    0x08007b9c   0x08007b9c   0x0000000e   Code   RO         1945    i.__scatterload_zeroinit  mc_w.l(handlers.o)
    0x08007baa   0x08007baa   0x00000081   Data   RO         1910    .constdata          mc_w.l(ctype_o.o)
    0x08007c2b   0x08007c2b   0x00000001   PAD
    0x08007c2c   0x08007c2c   0x00000004   Data   RO         1911    .constdata          mc_w.l(ctype_o.o)
    0x08007c30   0x08007c30   0x00000010   Data   RO         1843    .rodata.AHBPrescTable  system_stm32f7xx.o
    0x08007c40   0x08007c40   0x00000008   Data   RO         1844    .rodata.APBPrescTable  system_stm32f7xx.o
    0x08007c48   0x08007c48   0x00000023   Data   RO          225    .rodata.NAME        controller.o
    0x08007c6b   0x08007c6b   0x0000000b   Data   RO          752    .rodata.__fsym___cmd_free_name  msh.o
    0x08007c76   0x08007c76   0x0000000b   Data   RO          749    .rodata.__fsym___cmd_help_name  msh.o
    0x08007c81   0x08007c81   0x00000013   Data   RO          724    .rodata.__fsym___cmd_list_mailbox_name  cmd.o
    0x08007c94   0x08007c94   0x0000000f   Data   RO          722    .rodata.__fsym___cmd_list_sem_name  cmd.o
    0x08007ca3   0x08007ca3   0x00000012   Data   RO          720    .rodata.__fsym___cmd_list_thread_name  cmd.o
    0x08007cb5   0x08007cb5   0x00000011   Data   RO          726    .rodata.__fsym___cmd_list_timer_name  cmd.o
    0x08007cc6   0x08007cc6   0x00000015   Data   RO          221    .rodata.__fsym___cmd_muscles_resume_name  controller.o
    0x08007cdb   0x08007cdb   0x00000014   Data   RO          218    .rodata.__fsym___cmd_muscles_start_name  controller.o
    0x08007cef   0x08007cef   0x00000016   Data   RO          220    .rodata.__fsym___cmd_muscles_suspend_name  controller.o
    0x08007d05   0x08007d05   0x0000000b   Data   RO          223    .rodata.__fsym___cmd_prec_name  controller.o
    0x08007d10   0x08007d10   0x00000009   Data   RO          751    .rodata.__fsym___cmd_ps_name  msh.o
    0x08007d19   0x08007d19   0x0000000c   Data   RO          224    .rodata.__fsym___cmd_reset_name  controller.o
    0x08007d25   0x08007d25   0x0000000d   Data   RO          222    .rodata.__fsym___cmd_setchn_name  controller.o
    0x08007d32   0x08007d32   0x0000000e   Data   RO          717    .rodata.__fsym___cmd_version_name  cmd.o
    0x08007d40   0x08007d40   0x00000006   Data   RO          714    .rodata.__fsym_hello_name  cmd.o
    0x08007d46   0x08007d46   0x0000000d   Data   RO          723    .rodata.__fsym_list_mailbox_name  cmd.o
    0x08007d53   0x08007d53   0x00000009   Data   RO          504    .rodata.__fsym_list_mem_name  mem.o
    0x08007d5c   0x08007d5c   0x00000005   Data   RO          727    .rodata.__fsym_list_name  cmd.o
    0x08007d61   0x08007d61   0x00000009   Data   RO          721    .rodata.__fsym_list_sem_name  cmd.o
    0x08007d6a   0x08007d6a   0x0000000c   Data   RO          719    .rodata.__fsym_list_thread_name  cmd.o
    0x08007d76   0x08007d76   0x0000000b   Data   RO          725    .rodata.__fsym_list_timer_name  cmd.o
    0x08007d81   0x08007d81   0x00000008   Data   RO          716    .rodata.__fsym_version_name  cmd.o
    0x08007d89   0x08007d89   0x00000100   Data   RO          477    .rodata.__lowest_bit_bitmap  kservice.o
    0x08007e89   0x08007e89   0x00000008   Data   RO          228    .rodata.branch      controller.o
    0x08007e91   0x08007e91   0x00000003   PAD
    0x08007e94   0x08007e94   0x00000020   Data   RO         1805    .rodata.cst16       stm32f7xx_hal_uart.o
    0x08007eb4   0x08007eb4   0x00000008   Data   RO         1111    .rodata.cst8        stm32f7xx_hal_dma.o
    0x08007ebc   0x08007ebc   0x00000008   Data   RO          159    .rodata.led         lc_tech_f767.o
    0x08007ec4   0x08007ec4   0x00000008   Data   RO          160    .rodata.led_ex      lc_tech_f767.o
    0x08007ecc   0x08007ecc   0x00000060   Data   RO          216    .rodata.muscle_in   controller.o
    0x08007f2c   0x08007f2c   0x00000060   Data   RO          217    .rodata.muscle_out  controller.o
    0x08007f8c   0x08007f8c   0x00000234   Data   RO          229    .rodata.str1.1      controller.o
    0x080081c0   0x080081c0   0x00000005   Data   RO          328    .rodata.str1.1      components.o
    0x080081c5   0x080081c5   0x00000007   Data   RO          475    .rodata.str1.1      kservice.o
    0x080081cc   0x080081cc   0x000001bb   Data   RO          688    .rodata.str1.1      cpuport.o
    0x08008387   0x08008387   0x0000008d   Data   RO          718    .rodata.str1.1      cmd.o
    0x08008414   0x08008414   0x00000026   Data   RO          748    .rodata.str1.1      msh.o
    0x0800843a   0x0800843a   0x00000005   Data   RO          782    .rodata.str1.1      shell.o
    0x0800843f   0x0800843f   0x00000001   PAD
    0x08008440   0x08008440   0x00000004   Data   RO          324    .rti_fn.0           components.o
    0x08008444   0x08008444   0x00000004   Data   RO          325    .rti_fn.0.end       components.o
    0x08008448   0x08008448   0x00000004   Data   RO          185    .rti_fn.1           myconsole.o
    0x0800844c   0x0800844c   0x00000004   Data   RO          246    .rti_fn.1           io_def.o
    0x08008450   0x08008450   0x00000004   Data   RO          267    .rti_fn.1           sys.o
    0x08008454   0x08008454   0x00000004   Data   RO          278    .rti_fn.1           led.o
    0x08008458   0x08008458   0x00000004   Data   RO          326    .rti_fn.1.end       components.o
    0x0800845c   0x0800845c   0x00000004   Data   RO          783    .rti_fn.6           shell.o
    0x08008460   0x08008460   0x00000004   Data   RO          327    .rti_fn.6.end       components.o
    0x08008464   0x08008464   0x00000030   Data   RO          219    FSymTab             controller.o
    0x08008494   0x08008494   0x00000008   Data   RO          505    FSymTab             mem.o
    0x0800849c   0x0800849c   0x00000060   Data   RO          715    FSymTab             cmd.o
    0x080084fc   0x080084fc   0x00000018   Data   RO          750    FSymTab             msh.o
    0x08008514   0x08008514   0x00000020   Data   RO         1942    Region$$Table       anon$$obj.o


    Execution Region RW_IRAM1 (Exec base: 0x20000000, Load base: 0x08008538, Size: 0x00002328, Max: 0x00080000, ABSOLUTE)

    Exec Addr    Load Addr    Size         Type   Attr      Idx    E Section Name        Object

    0x20000000   0x08008538   0x00000004   Data   RW         1901    .data               mc_w.l(errno.o)
    0x20000004   0x0800853c   0x0000003c   Data   RW          230    .data..L_MergedGlobals  controller.o
    0x20000040   0x08008578   0x00000008   Data   RW          856    .data..L_MergedGlobals  stm32f7xx_hal.o
    0x20000048   0x08008580   0x00000004   Data   RW         1842    .data.SystemCoreClock  system_stm32f7xx.o
    0x2000004c   0x08008584   0x00000040   Data   RW          550    .data.rt_object_container  object.o
    0x2000008c   0x080085c4   0x00000004   PAD
    0x20000090        -       0x00000004   Zero   RW          119    .bss..L_MergedGlobals  stm32f7xx_it.o
    0x20000094        -       0x0000002c   Zero   RW          188    .bss..L_MergedGlobals  myconsole.o
    0x200000c0        -       0x0000000c   Zero   RW          411    .bss..L_MergedGlobals  irq.o
    0x200000cc        -       0x00000040   Zero   RW          506    .bss..L_MergedGlobals  mem.o
    0x2000010c        -       0x00000058   Zero   RW          577    .bss..L_MergedGlobals  scheduler.o
    0x20000164        -       0x00000014   Zero   RW          662    .bss..L_MergedGlobals  timer.o
    0x20000178        -       0x00000018   Zero   RW          784    .bss..L_MergedGlobals  shell.o
    0x20000190        -       0x0000000c   Zero   RW          231    .bss..L_MergedGlobals.54  controller.o
    0x2000019c        -       0x00000080   Zero   RW          186    .bss.UART1_Handler  myconsole.o
    0x2000021c        -       0x00000001   Zero   RW          187    .bss.aRxBuffer      myconsole.o
    0x2000021d   0x080085c4   0x00000003   PAD
    0x20000220        -       0x00000030   Zero   RW           10    .bss.adc_averval    main.o
    0x20000250        -       0x00000030   Zero   RW            8    .bss.adc_buffer     main.o
    0x20000280        -       0x00000030   Zero   RW            9    .bss.adc_tmp        main.o
    0x200002b0        -       0x00000401   Zero   RW          781    .bss.finsh_get_prompt.finsh_prompt  shell.o
    0x200006b1   0x080085c4   0x00000003   PAD
    0x200006b4        -       0x00000048   Zero   RW           34    .bss.hadc1          adc.o
    0x200006fc        -       0x00000060   Zero   RW           35    .bss.hdma_adc1      adc.o
    0x2000075c        -       0x00000040   Zero   RW           76    .bss.htim2          tim.o
    0x2000079c        -       0x00000080   Zero   RW           93    .bss.huart1         usart.o
    0x2000081c        -       0x00000080   Zero   RW           94    .bss.huart2         usart.o
    0x2000089c        -       0x00000078   Zero   RW          351    .bss.idle           idle.o
    0x20000914        -       0x00000010   Zero   RW          350    .bss.idle_hook_list  idle.o
    0x20000924        -       0x00000004   Zero   RW          687    .bss.rt_exception_hook  cpuport.o
    0x20000928        -       0x00001000   Zero   RW          145    .bss.rt_heap        board.o
    0x20001928        -       0x00000004   Zero   RW          689    .bss.rt_interrupt_from_thread  cpuport.o
    0x2000192c        -       0x00000004   Zero   RW          690    .bss.rt_interrupt_to_thread  cpuport.o
    0x20001930        -       0x00000400   Zero   RW          476    .bss.rt_kprintf.rt_log_buf  kservice.o
    0x20001d30        -       0x00000004   Zero   RW          545    .bss.rt_object_attach_hook  object.o
    0x20001d34        -       0x00000004   Zero   RW          546    .bss.rt_object_detach_hook  object.o
    0x20001d38        -       0x00000004   Zero   RW          549    .bss.rt_object_put_hook  object.o
    0x20001d3c        -       0x00000004   Zero   RW          548    .bss.rt_object_take_hook  object.o
    0x20001d40        -       0x00000004   Zero   RW          547    .bss.rt_object_trytake_hook  object.o
    0x20001d44        -       0x00000004   Zero   RW          627    .bss.rt_thread_inited_hook  thread.o
    0x20001d48        -       0x00000004   Zero   RW          626    .bss.rt_thread_resume_hook  thread.o
    0x20001d4c        -       0x00000100   Zero   RW          352    .bss.rt_thread_stack  idle.o
    0x20001e4c        -       0x00000004   Zero   RW          625    .bss.rt_thread_suspend_hook  thread.o
    0x20001e50        -       0x00000004   Zero   RW          691    .bss.rt_thread_switch_interrupt_flag  cpuport.o
    0x20001e54        -       0x00000004   Zero   RW          295    .bss.rt_tick        clock.o
    0x20001e58        -       0x000000c8   Zero   RW          184    .bss.uart_rx_buf    myconsole.o
    0x20001f20        -       0x00000004   Zero   RW          855    .bss.uwTick         stm32f7xx_hal.o
    0x20001f24   0x080085c4   0x00000004   PAD
    0x20001f28        -       0x00000400   Zero   RW         1852    STACK               startup_stm32f767xx.o


==============================================================================

Image component sizes


      Code (inc. data)   RO Data    RW Data    ZI Data      Debug   Object Name

       652          0          0          0        168       5367   adc.o
       140          0          0          0       4096       1229   board.o
       116          0          0          0          4       2422   clock.o
      2490        544        384          0          0      14218   cmd.o
       194          0         21          0          0       3372   components.o
       308         26          0          0          0        844   context_rvds.o
      3052        488        946         60         12      10698   controller.o
      1148        168        443          0         16       3407   cpuport.o
        52          0          0          0          0       3850   dma.o
       122          0          0          0          0       1567   gpio.o
       246          8          0          0        392       4157   idle.o
       252          0          4          0          0       3131   io_def.o
       392          0          0          0          0      13834   ipc.o
        76          0          0          0         12       1281   irq.o
      4108        226        263          0       1024      23531   kservice.o
        94          0         16          0          0       2549   lc_tech_f767.o
         0          0          4          0          0        498   led.o
       158          4          0          0        144       2482   main.o
       968        216         17          0         64       5758   mem.o
      1076         60         93          0          0       5136   msh.o
       508         12          4          0        373       7656   myconsole.o
       470          0          0         64         20       6353   object.o
       496          0          0          0         88       4931   scheduler.o
      1180        230          9          0       1049       5978   shell.o
        36          8        504          0       1024        776   startup_stm32f767xx.o
       130          0          0          8          4       8374   stm32f7xx_hal.o
      1546          0          0          0          0      10933   stm32f7xx_hal_adc.o
       202          0          0          0          0      11288   stm32f7xx_hal_cortex.o
       548          4          8          0          0      10248   stm32f7xx_hal_dma.o
       466          0          0          0          0       5290   stm32f7xx_hal_gpio.o
        54          0          0          0          0       1515   stm32f7xx_hal_msp.o
       118          0          0          0          0       5676   stm32f7xx_hal_pwr_ex.o
      1564          0          0          0          0       8459   stm32f7xx_hal_rcc.o
      1474          0          0          0          0       7093   stm32f7xx_hal_rcc_ex.o
       402          0          0          0          0      52298   stm32f7xx_hal_tim.o
         6          0          0          0          0      19006   stm32f7xx_hal_tim_ex.o
      1876         20         32          0          0      22523   stm32f7xx_hal_uart.o
       558          0          0          0          4       2421   stm32f7xx_it.o
       500          0          4          0          0       7148   sys.o
       152          0         24          4          0       3352   system_stm32f7xx.o
      1044          0          0          0         12      10702   thread.o
         0          0          0          0         64       8376   tim.o
       610          4          0          0         20       8073   timer.o
       230          0          0          0        256       7620   usart.o

    ----------------------------------------------------------------------
     30420       2066       2812        136       8860     345420   Object Totals
         0          0         32          0          0          0   (incl. Generated)
       606         48          4          0         14          0   (incl. Padding)

    ----------------------------------------------------------------------

      Code (inc. data)   RO Data    RW Data    ZI Data      Debug   Library Member Name

        28          0          0          0          0         68   _chval.o
       158          0          0          0          0         92   _strtoul.o
        26          0          0          0          0         80   atoi.o
         8          4        133          0          0         68   ctype_o.o
         0          0          0          0          0          0   entry.o
         0          0          0          0          0          0   entry10a.o
         0          0          0          0          0          0   entry11a.o
         8          4          0          0          0          0   entry2.o
         4          0          0          0          0          0   entry5.o
         0          0          0          0          0          0   entry7b.o
         0          0          0          0          0          0   entry8b.o
         8          4          0          0          0          0   entry9a.o
         8          4          0          4          0         68   errno.o
        30          0          0          0          0          0   handlers.o
        36          8          0          0          0         68   init.o
        30          0          0          0          0         68   llshl.o
        32          0          0          0          0         68   llushr.o
        36          0          0          0          0         68   memcpya.o
        36          0          0          0          0        108   memseta.o
        14          0          0          0          0         68   strlen.o
        30          0          0          0          0         80   strncmp.o
        24          0          0          0          0         76   strncpy.o
       112          0          0          0          0         88   strtol.o
        98          0          0          0          0         92   uldiv.o

    ----------------------------------------------------------------------
       734         24        134          4          0       1160   Library Totals
         8          0          1          0          0          0   (incl. Padding)

    ----------------------------------------------------------------------

      Code (inc. data)   RO Data    RW Data    ZI Data      Debug   Library Name

       726         24        133          4          0       1160   mc_w.l

    ----------------------------------------------------------------------
       734         24        134          4          0       1160   Library Totals

    ----------------------------------------------------------------------

==============================================================================


      Code (inc. data)   RO Data    RW Data    ZI Data      Debug   

     31154       2090       2946        140       8860     345540   Grand Totals
     31154       2090       2946        140       8860     345540   ELF Image Totals
     31154       2090       2946        140          0          0   ROM Totals

==============================================================================

    Total RO  Size (Code + RO Data)                34100 (  33.30kB)
    Total RW  Size (RW Data + ZI Data)              9000 (   8.79kB)
    Total ROM Size (Code + RO Data + RW Data)      34240 (  33.44kB)

==============================================================================

